<html>
<body>
<pre>
<h1>µVision Build Log</h1>
<h2>Tool Versions:</h2>
IDE-Version: ¦ÌVision V5.40.0.0
Copyright (C) 2024 ARM Ltd and ARM Germany GmbH. All rights reserved.
License Information: 11 1483525671@qq.com, 11, LIC=2TTQ1-CP0XL-NTY3G-V1P8V-4PU1V-DFZ16
 
Tool Versions:
Toolchain:       MDK-ARM Professional  Version: 5.40.0.3
Toolchain Path:  H:\Keil_v5\ARM\ARM_Compiler_5.06u7\Bin
C Compiler:      Armcc.exe V5.06 update 7 (build 960)
Assembler:       Armasm.exe V5.06 update 7 (build 960)
Linker/Locator:  ArmLink.exe V5.06 update 7 (build 960)
Library Manager: ArmAr.exe V5.06 update 7 (build 960)
Hex Converter:   FromElf.exe V5.06 update 7 (build 960)
CPU DLL:         SARMCM3.DLL V5.40.0.3
Dialog DLL:      DCM.DLL V1.17.5.0
Target DLL:      STLink\ST-LINKIII-KEIL_SWO.dll V3.3.0.0
Dialog DLL:      TCM.DLL V1.56.4.0
 
<h2>Project:</h2>
H:\project\MDK-ARM\project.uvprojx
Project File Date:  05/22/2026

<h2>Output:</h2>
*** Using Compiler 'V5.06 update 7 (build 960)', folder: 'H:\Keil_v5\ARM\ARM_Compiler_5.06u7\Bin'
Rebuild target 'project'
assembling startup_stm32f407xx.s...
compiling stm32f4xx_hal_flash_ex.c...
compiling stm32f4xx_it.c...
compiling gpio.c...
compiling i2c.c...
compiling main.c...
../MDK-ARM/esp8266.h(24): warning:  #1-D: last line of file ends without a newline
  #endif
../Core/Src/main.c: 1 warning, 0 errors
compiling stm32f4xx_hal_rcc.c...
compiling stm32f4xx_hal_flash.c...
compiling stm32f4xx_hal_timebase_tim.c...
compiling usart.c...
compiling freertos.c...
../Core/Src/freertos.c(120): warning:  #144-D: a value of type "void (*)(void *)" cannot be used to initialize an entity of type "os_pthread"
    osThreadDef(SensorTask, Sensor_Task, osPriorityHigh, 0, 512);
../Core/Src/freertos.c(125): warning:  #144-D: a value of type "void (*)(void *)" cannot be used to initialize an entity of type "os_pthread"
    osThreadDef(ProcessTask, Process_Task, osPriorityNormal, 0, 1024);
../Core/Src/freertos.c(132): warning:  #144-D: a value of type "void (*)(void *)" cannot be used to initialize an entity of type "os_pthread"
  osThreadDef(WiFiTask, WIFI_Task, osPriorityNormal, 0, 1024);
../Core/Src/freertos.c(138): warning:  #144-D: a value of type "void (*)(void *)" cannot be used to initialize an entity of type "os_pthread"
  osThreadDef(MedicineReminder, MedicineReminder_Task, osPriorityNormal, 0, 256);
../Core/Src/freertos.c(274): warning:  #550-D: variable "second"  was set but never used
          uint8_t hour, minute, second;
../Core/Src/freertos.c(429): warning:  #177-D: variable "fx"  was declared but never referenced
      float fx, fy, fz, total_g;
../Core/Src/freertos.c(429): warning:  #177-D: variable "fy"  was declared but never referenced
      float fx, fy, fz, total_g;
../Core/Src/freertos.c(429): warning:  #177-D: variable "fz"  was declared but never referenced
      float fx, fy, fz, total_g;
../Core/Src/freertos.c(429): warning:  #177-D: variable "total_g"  was declared but never referenced
      float fx, fy, fz, total_g;
../Core/Src/freertos.c: 9 warnings, 0 errors
compiling stm32f4xx_hal_gpio.c...
compiling stm32f4xx_hal_flash_ramfunc.c...
compiling rtc.c...
compiling stm32f4xx_hal_dma_ex.c...
compiling stm32f4xx_hal_rcc_ex.c...
compiling stm32f4xx_hal_msp.c...
compiling croutine.c...
compiling event_groups.c...
compiling list.c...
compiling queue.c...
compiling stream_buffer.c...
compiling timers.c...
compiling tasks.c...
compiling heap_4.c...
compiling cmsis_os.c...
compiling port.c...
compiling stm32f4xx_hal_dma.c...
compiling stm32f4xx_hal.c...
compiling stm32f4xx_hal_pwr.c...
compiling stm32f4xx_hal_i2c_ex.c...
compiling system_stm32f4xx.c...
compiling stm32f4xx_hal_pwr_ex.c...
compiling stm32f4xx_hal_tim_ex.c...
compiling stm32f4xx_hal_exti.c...
compiling stm32f4xx_hal_cortex.c...
compiling stm32f4xx_hal_rtc.c...
compiling stm32f4xx_hal_i2c.c...
compiling stm32f4xx_hal_rtc_ex.c...
compiling esp8266.c...
esp8266.h(24): warning:  #1-D: last line of file ends without a newline
  #endif
esp8266.c(160): warning:  #1-D: last line of file ends without a newline
  #endif
esp8266.c: 2 warnings, 0 errors
compiling stm32f4xx_hal_uart.c...
compiling stm32f4xx_hal_tim.c...
linking...
Program Size: Code=16852 RO-data=692 RW-data=148 ZI-data=17548  
FromELF: creating hex file...
"project\project.axf" - 0 Error(s), 12 Warning(s).

<h2>Software Packages used:</h2>

Package Vendor: ARM
                https://www.keil.com/pack/ARM.CMSIS.6.1.0.pack
                ARM::CMSIS@6.1.0
                CMSIS (Common Microcontroller Software Interface Standard)
   * Component: CORE Version: 6.1.0

Package Vendor: Keil
                https://www.keil.com/pack/Keil.STM32F4xx_DFP.3.1.1.pack
                Keil::STM32F4xx_DFP@3.1.1
                STMicroelectronics STM32F4 Series Device Support

<h2>Collection of Component include folders:</h2>
  ./RTE/_project
  C:/Users/14835/AppData/Local/Arm/Packs/ARM/CMSIS/6.1.0/CMSIS/Core/Include

<h2>Collection of Component Files used:</h2>

   * Component: ARM::CMSIS:CORE@6.1.0
Build Time Elapsed:  00:00:16
</pre>
</body>
</html>
