Component: ARM Compiler 5.06 update 7 (build 960) Tool: armlink [4d3601]

==============================================================================

Section Cross References

    startup_stm32f407xx.o(RESET) refers to startup_stm32f407xx.o(STACK) for __initial_sp
    startup_stm32f407xx.o(RESET) refers to startup_stm32f407xx.o(.text) for Reset_Handler
    startup_stm32f407xx.o(RESET) refers to stm32f4xx_it.o(i.NMI_Handler) for NMI_Handler
    startup_stm32f407xx.o(RESET) refers to stm32f4xx_it.o(i.HardFault_Handler) for HardFault_Handler
    startup_stm32f407xx.o(RESET) refers to stm32f4xx_it.o(i.MemManage_Handler) for MemManage_Handler
    startup_stm32f407xx.o(RESET) refers to stm32f4xx_it.o(i.BusFault_Handler) for BusFault_Handler
    startup_stm32f407xx.o(RESET) refers to stm32f4xx_it.o(i.UsageFault_Handler) for UsageFault_Handler
    startup_stm32f407xx.o(RESET) refers to port.o(.emb_text) for SVC_Handler
    startup_stm32f407xx.o(RESET) refers to stm32f4xx_it.o(i.DebugMon_Handler) for DebugMon_Handler
    startup_stm32f407xx.o(RESET) refers to port.o(i.SysTick_Handler) for SysTick_Handler
    startup_stm32f407xx.o(RESET) refers to stm32f4xx_it.o(i.TIM1_UP_TIM10_IRQHandler) for TIM1_UP_TIM10_IRQHandler
    startup_stm32f407xx.o(RESET) refers to stm32f4xx_it.o(i.USART2_IRQHandler) for USART2_IRQHandler
    startup_stm32f407xx.o(.text) refers to system_stm32f4xx.o(i.SystemInit) for SystemInit
    startup_stm32f407xx.o(.text) refers to entry.o(.ARM.Collect$$$$00000000) for __main
    main.o(i.HAL_TIM_PeriodElapsedCallback) refers to stm32f4xx_hal.o(i.HAL_IncTick) for HAL_IncTick
    main.o(i.MPU6050_Init) refers to stm32f4xx_hal_i2c.o(i.HAL_I2C_Mem_Write) for HAL_I2C_Mem_Write
    main.o(i.MPU6050_Init) refers to stm32f4xx_hal.o(i.HAL_Delay) for HAL_Delay
    main.o(i.MPU6050_Init) refers to i2c.o(.bss) for hi2c1
    main.o(i.MPU6050_Read_Accel) refers to stm32f4xx_hal_i2c.o(i.HAL_I2C_Mem_Read) for HAL_I2C_Mem_Read
    main.o(i.MPU6050_Read_Accel) refers to i2c.o(.bss) for hi2c1
    main.o(i.SystemClock_Config) refers to memseta.o(.text) for __aeabi_memclr4
    main.o(i.SystemClock_Config) refers to stm32f4xx_hal_rcc.o(i.HAL_RCC_OscConfig) for HAL_RCC_OscConfig
    main.o(i.SystemClock_Config) refers to stm32f4xx_hal_rcc.o(i.HAL_RCC_ClockConfig) for HAL_RCC_ClockConfig
    main.o(i.main) refers to stm32f4xx_hal.o(i.HAL_Init) for HAL_Init
    main.o(i.main) refers to main.o(i.SystemClock_Config) for SystemClock_Config
    main.o(i.main) refers to gpio.o(i.MX_GPIO_Init) for MX_GPIO_Init
    main.o(i.main) refers to usart.o(i.MX_USART1_UART_Init) for MX_USART1_UART_Init
    main.o(i.main) refers to i2c.o(i.MX_I2C1_Init) for MX_I2C1_Init
    main.o(i.main) refers to usart.o(i.MX_USART2_UART_Init) for MX_USART2_UART_Init
    main.o(i.main) refers to rtc.o(i.MX_RTC_Init) for MX_RTC_Init
    main.o(i.main) refers to main.o(i.MPU6050_Init) for MPU6050_Init
    main.o(i.main) refers to freertos.o(i.MX_FREERTOS_Init) for MX_FREERTOS_Init
    main.o(i.main) refers to cmsis_os.o(i.osKernelStart) for osKernelStart
    freertos.o(i.HAL_UART_RxCpltCallback) refers to queue.o(i.xQueueGenericSendFromISR) for xQueueGenericSendFromISR
    freertos.o(i.HAL_UART_RxCpltCallback) refers to stm32f4xx_hal_uart.o(i.HAL_UART_Receive_IT) for HAL_UART_Receive_IT
    freertos.o(i.HAL_UART_RxCpltCallback) refers to freertos.o(.data) for .data
    freertos.o(i.HAL_UART_RxCpltCallback) refers to usart.o(.bss) for huart2
    freertos.o(i.MX_FREERTOS_Init) refers to queue.o(i.xQueueGenericCreate) for xQueueGenericCreate
    freertos.o(i.MX_FREERTOS_Init) refers to stm32f4xx_hal_uart.o(i.HAL_UART_Receive_IT) for HAL_UART_Receive_IT
    freertos.o(i.MX_FREERTOS_Init) refers to memcpya.o(.text) for __aeabi_memcpy4
    freertos.o(i.MX_FREERTOS_Init) refers to cmsis_os.o(i.osThreadCreate) for osThreadCreate
    freertos.o(i.MX_FREERTOS_Init) refers to freertos.o(.data) for .data
    freertos.o(i.MX_FREERTOS_Init) refers to usart.o(.bss) for huart2
    freertos.o(i.MX_FREERTOS_Init) refers to freertos.o(.constdata) for .constdata
    freertos.o(i.MedicineReminder_Task) refers to stm32f4xx_hal_rtc.o(i.HAL_RTC_GetDate) for HAL_RTC_GetDate
    freertos.o(i.MedicineReminder_Task) refers to stm32f4xx_hal_rtc.o(i.HAL_RTC_GetTime) for HAL_RTC_GetTime
    freertos.o(i.MedicineReminder_Task) refers to printf6.o(i.__0printf$6) for __2printf
    freertos.o(i.MedicineReminder_Task) refers to tasks.o(i.vTaskDelay) for vTaskDelay
    freertos.o(i.MedicineReminder_Task) refers to freertos.o(.constdata) for .constdata
    freertos.o(i.MedicineReminder_Task) refers to rtc.o(.bss) for hrtc
    freertos.o(i.Process_Task) refers to queue.o(i.xQueueReceive) for xQueueReceive
    freertos.o(i.Process_Task) refers to printf6.o(i.__0printf$6) for __2printf
    freertos.o(i.Process_Task) refers to tasks.o(i.xTaskGetTickCount) for xTaskGetTickCount
    freertos.o(i.Process_Task) refers to freertos.o(.data) for .data
[...]
    ../fplib/microlib/fpadd.c                0x00000000   Number         0  dadd.o ABSOLUTE
    ../fplib/microlib/fpdiv.c                0x00000000   Number         0  ddiv.o ABSOLUTE
    ../fplib/microlib/fpepilogue.c           0x00000000   Number         0  depilogue.o ABSOLUTE
    ../fplib/microlib/fpfix.c                0x00000000   Number         0  dfixul.o ABSOLUTE
    ../fplib/microlib/fpmul.c                0x00000000   Number         0  dmul.o ABSOLUTE
    ..\Core\Src\freertos.c                   0x00000000   Number         0  freertos.o ABSOLUTE
    ..\Core\Src\gpio.c                       0x00000000   Number         0  gpio.o ABSOLUTE
    ..\Core\Src\i2c.c                        0x00000000   Number         0  i2c.o ABSOLUTE
    ..\Core\Src\main.c                       0x00000000   Number         0  main.o ABSOLUTE
    ..\Core\Src\rtc.c                        0x00000000   Number         0  rtc.o ABSOLUTE
    ..\Core\Src\stm32f4xx_hal_msp.c          0x00000000   Number         0  stm32f4xx_hal_msp.o ABSOLUTE
    ..\Core\Src\stm32f4xx_hal_timebase_tim.c 0x00000000   Number         0  stm32f4xx_hal_timebase_tim.o ABSOLUTE
    ..\Core\Src\stm32f4xx_it.c               0x00000000   Number         0  stm32f4xx_it.o ABSOLUTE
    ..\Core\Src\system_stm32f4xx.c           0x00000000   Number         0  system_stm32f4xx.o ABSOLUTE
    ..\Core\Src\usart.c                      0x00000000   Number         0  usart.o ABSOLUTE
    ..\Drivers\STM32F4xx_HAL_Driver\Src\stm32f4xx_hal.c 0x00000000   Number         0  stm32f4xx_hal.o ABSOLUTE
    ..\Drivers\STM32F4xx_HAL_Driver\Src\stm32f4xx_hal_cortex.c 0x00000000   Number         0  stm32f4xx_hal_cortex.o ABSOLUTE
    ..\Drivers\STM32F4xx_HAL_Driver\Src\stm32f4xx_hal_dma.c 0x00000000   Number         0  stm32f4xx_hal_dma.o ABSOLUTE
    ..\Drivers\STM32F4xx_HAL_Driver\Src\stm32f4xx_hal_dma_ex.c 0x00000000   Number         0  stm32f4xx_hal_dma_ex.o ABSOLUTE
    ..\Drivers\STM32F4xx_HAL_Driver\Src\stm32f4xx_hal_exti.c 0x00000000   Number         0  stm32f4xx_hal_exti.o ABSOLUTE
    ..\Drivers\STM32F4xx_HAL_Driver\Src\stm32f4xx_hal_flash.c 0x00000000   Number         0  stm32f4xx_hal_flash.o ABSOLUTE
    ..\Drivers\STM32F4xx_HAL_Driver\Src\stm32f4xx_hal_flash_ex.c 0x00000000   Number         0  stm32f4xx_hal_flash_ex.o ABSOLUTE
    ..\Drivers\STM32F4xx_HAL_Driver\Src\stm32f4xx_hal_flash_ramfunc.c 0x00000000   Number         0  stm32f4xx_hal_flash_ramfunc.o ABSOLUTE
    ..\Drivers\STM32F4xx_HAL_Driver\Src\stm32f4xx_hal_gpio.c 0x00000000   Number         0  stm32f4xx_hal_gpio.o ABSOLUTE
    ..\Drivers\STM32F4xx_HAL_Driver\Src\stm32f4xx_hal_i2c.c 0x00000000   Number         0  stm32f4xx_hal_i2c.o ABSOLUTE
    ..\Drivers\STM32F4xx_HAL_Driver\Src\stm32f4xx_hal_i2c_ex.c 0x00000000   Number         0  stm32f4xx_hal_i2c_ex.o ABSOLUTE
    ..\Drivers\STM32F4xx_HAL_Driver\Src\stm32f4xx_hal_pwr.c 0x00000000   Number         0  stm32f4xx_hal_pwr.o ABSOLUTE
    ..\Drivers\STM32F4xx_HAL_Driver\Src\stm32f4xx_hal_pwr_ex.c 0x00000000   Number         0  stm32f4xx_hal_pwr_ex.o ABSOLUTE
    ..\Drivers\STM32F4xx_HAL_Driver\Src\stm32f4xx_hal_rcc.c 0x00000000   Number         0  stm32f4xx_hal_rcc.o ABSOLUTE
    ..\Drivers\STM32F4xx_HAL_Driver\Src\stm32f4xx_hal_rcc_ex.c 0x00000000   Number         0  stm32f4xx_hal_rcc_ex.o ABSOLUTE
    ..\Drivers\STM32F4xx_HAL_Driver\Src\stm32f4xx_hal_rtc.c 0x00000000   Number         0  stm32f4xx_hal_rtc.o ABSOLUTE
    ..\Drivers\STM32F4xx_HAL_Driver\Src\stm32f4xx_hal_rtc_ex.c 0x00000000   Number         0  stm32f4xx_hal_rtc_ex.o ABSOLUTE
    ..\Drivers\STM32F4xx_HAL_Driver\Src\stm32f4xx_hal_tim.c 0x00000000   Number         0  stm32f4xx_hal_tim.o ABSOLUTE
    ..\Drivers\STM32F4xx_HAL_Driver\Src\stm32f4xx_hal_tim_ex.c 0x00000000   Number         0  stm32f4xx_hal_tim_ex.o ABSOLUTE
    ..\Drivers\STM32F4xx_HAL_Driver\Src\stm32f4xx_hal_uart.c 0x00000000   Number         0  stm32f4xx_hal_uart.o ABSOLUTE
    ..\Middlewares\Third_Party\FreeRTOS\Source\CMSIS_RTOS\cmsis_os.c 0x00000000   Number         0  cmsis_os.o ABSOLUTE
    ..\Middlewares\Third_Party\FreeRTOS\Source\portable\RVDS\ARM_CM4F\port.c 0x00000000   Number         0  port.o ABSOLUTE
    cdrcmple.s                               0x00000000   Number         0  cdrcmple.o ABSOLUTE
    dc.s                                     0x00000000   Number         0  dc.o ABSOLUTE
    esp8266.c                                0x00000000   Number         0  esp8266.o ABSOLUTE
    esp8266.c                                0x00000000   Number         0  esp8266.o ABSOLUTE
    handlers.s                               0x00000000   Number         0  handlers.o ABSOLUTE
    init.s                                   0x00000000   Number         0  init.o ABSOLUTE
    startup_stm32f407xx.s                    0x00000000   Number         0  startup_stm32f407xx.o ABSOLUTE
    RESET                                    0x08000000   Section      392  startup_stm32f407xx.o(RESET)
    .ARM.Collect$$$$00000000                 0x08000188   Section        0  entry.o(.ARM.Collect$$$$00000000)
    .ARM.Collect$$$$00000001                 0x08000188   Section        4  entry2.o(.ARM.Collect$$$$00000001)
    .ARM.Collect$$$$00000004                 0x0800018c   Section        4  entry5.o(.ARM.Collect$$$$00000004)
    .ARM.Collect$$$$00000008                 0x08000190   Section        0  entry7b.o(.ARM.Collect$$$$00000008)
    .ARM.Collect$$$$0000000A                 0x08000190   Section        0  entry8b.o(.ARM.Collect$$$$0000000A)
    .ARM.Collect$$$$0000000B                 0x08000190   Section        8  entry9a.o(.ARM.Collect$$$$0000000B)
    .ARM.Collect$$$$0000000E                 0x08000198   Section        4  entry12b.o(.ARM.Collect$$$$0000000E)
    .ARM.Collect$$$$0000000F                 0x0800019c   Section        0  entry10a.o(.ARM.Collect$$$$0000000F)
    .ARM.Collect$$$$00000011                 0x0800019c   Section        0  entry11a.o(.ARM.Collect$$$$00000011)
    .ARM.Collect$$$$00002712                 0x0800019c   Section        4  entry2.o(.ARM.Collect$$$$00002712)
    __lit__00000000                          0x0800019c   Data           4  entry2.o(.ARM.Collect$$$$00002712)
    .emb_text                                0x080001a0   Section      190  port.o(.emb_text)
    $v0                                      0x080001a0   Number         0  port.o(.emb_text)
    .text                                    0x08000260   Section       36  startup_stm32f407xx.o(.text)
    $v0                                      0x08000260   Number         0  startup_stm32f407xx.o(.text)
    .text                                    0x08000284   Section        0  uldiv.o(.text)
    .text                                    0x080002e6   Section        0  memcpya.o(.text)
    .text                                    0x0800030a   Section        0  memseta.o(.text)
    .text                                    0x0800032e   Section        0  uidiv.o(.text)
    .text                                    0x0800035a   Section        0  llshl.o(.text)
    .text                                    0x08000378   Section        0  llushr.o(.text)
    .text                                    0x08000398   Section       36  init.o(.text)
    i.BusFault_Handler                       0x080003bc   Section        0  stm32f4xx_it.o(i.BusFault_Handler)
    i.DebugMon_Handler                       0x080003be   Section        0  stm32f4xx_it.o(i.DebugMon_Handler)
    i.Error_Handler                          0x080003c0   Section        0  main.o(i.Error_Handler)
    i.HAL_DMA_Abort                          0x080003c4   Section        0  stm32f4xx_hal_dma.o(i.HAL_DMA_Abort)
    i.HAL_DMA_Abort_IT                       0x08000456   Section        0  stm32f4xx_hal_dma.o(i.HAL_DMA_Abort_IT)
    i.HAL_Delay                              0x0800047c   Section        0  stm32f4xx_hal.o(i.HAL_Delay)
    i.HAL_GPIO_Init                          0x080004a0   Section        0  stm32f4xx_hal_gpio.o(i.HAL_GPIO_Init)
    i.HAL_GetTick                            0x08000690   Section        0  stm32f4xx_hal.o(i.HAL_GetTick)
    i.HAL_I2C_Init                           0x0800069c   Section        0  stm32f4xx_hal_i2c.o(i.HAL_I2C_Init)
    i.HAL_I2C_Mem_Read                       0x08000824   Section        0  stm32f4xx_hal_i2c.o(i.HAL_I2C_Mem_Read)
    i.HAL_I2C_Mem_Write                      0x08000a1c   Section        0  stm32f4xx_hal_i2c.o(i.HAL_I2C_Mem_Write)
    i.HAL_I2C_MspInit                        0x08000b4c   Section        0  i2c.o(i.HAL_I2C_MspInit)
    i.HAL_IncTick                            0x08000bb4   Section        0  stm32f4xx_hal.o(i.HAL_IncTick)
    i.HAL_Init                               0x08000bc4   Section        0  stm32f4xx_hal.o(i.HAL_Init)
    i.HAL_InitTick                           0x08000bf8   Section        0  stm32f4xx_hal_timebase_tim.o(i.HAL_InitTick)
    i.HAL_MspInit                            0x08000c84   Section        0  stm32f4xx_hal_msp.o(i.HAL_MspInit)
    i.HAL_NVIC_EnableIRQ                     0x08000cbc   Section        0  stm32f4xx_hal_cortex.o(i.HAL_NVIC_EnableIRQ)
    i.HAL_NVIC_SetPriority                   0x08000cd8   Section        0  stm32f4xx_hal_cortex.o(i.HAL_NVIC_SetPriority)
    i.HAL_NVIC_SetPriorityGrouping           0x08000d18   Section        0  stm32f4xx_hal_cortex.o(i.HAL_NVIC_SetPriorityGrouping)
    i.HAL_RCCEx_PeriphCLKConfig              0x08000d3c   Section        0  stm32f4xx_hal_rcc_ex.o(i.HAL_RCCEx_PeriphCLKConfig)
    i.HAL_RCC_ClockConfig                    0x08000e78   Section        0  stm32f4xx_hal_rcc.o(i.HAL_RCC_ClockConfig)
    i.HAL_RCC_GetClockConfig                 0x08000fac   Section        0  stm32f4xx_hal_rcc.o(i.HAL_RCC_GetClockConfig)
    i.HAL_RCC_GetPCLK1Freq                   0x08000fec   Section        0  stm32f4xx_hal_rcc.o(i.HAL_RCC_GetPCLK1Freq)
    i.HAL_RCC_GetPCLK2Freq                   0x0800100c   Section        0  stm32f4xx_hal_rcc.o(i.HAL_RCC_GetPCLK2Freq)
    i.HAL_RCC_GetSysClockFreq                0x0800102c   Section        0  stm32f4xx_hal_rcc.o(i.HAL_RCC_GetSysClockFreq)
    i.HAL_RCC_OscConfig                      0x0800108c   Section        0  stm32f4xx_hal_rcc.o(i.HAL_RCC_OscConfig)
    i.HAL_RTC_GetDate                        0x080013f8   Section        0  stm32f4xx_hal_rtc.o(i.HAL_RTC_GetDate)
    i.HAL_RTC_GetTime                        0x0800143c   Section        0  stm32f4xx_hal_rtc.o(i.HAL_RTC_GetTime)
    i.HAL_RTC_Init                           0x08001490   Section        0  stm32f4xx_hal_rtc.o(i.HAL_RTC_Init)
    i.HAL_RTC_MspInit                        0x0800151c   Section        0  rtc.o(i.HAL_RTC_MspInit)
    i.HAL_RTC_SetDate                        0x08001554   Section        0  stm32f4xx_hal_rtc.o(i.HAL_RTC_SetDate)
    i.HAL_RTC_SetTime                        0x080015ec   Section        0  stm32f4xx_hal_rtc.o(i.HAL_RTC_SetTime)
    i.HAL_RTC_WaitForSynchro                 0x080016ac   Section        0  stm32f4xx_hal_rtc.o(i.HAL_RTC_WaitForSynchro)
    i.HAL_TIMEx_BreakCallback                0x080016e2   Section        0  stm32f4xx_hal_tim_ex.o(i.HAL_TIMEx_BreakCallback)
    i.HAL_TIMEx_CommutCallback               0x080016e4   Section        0  stm32f4xx_hal_tim_ex.o(i.HAL_TIMEx_CommutCallback)
    i.HAL_TIM_Base_Init                      0x080016e6   Section        0  stm32f4xx_hal_tim.o(i.HAL_TIM_Base_Init)
    i.HAL_TIM_Base_MspInit                   0x08001740   Section        0  stm32f4xx_hal_tim.o(i.HAL_TIM_Base_MspInit)
    i.HAL_TIM_Base_Start_IT                  0x08001744   Section        0  stm32f4xx_hal_tim.o(i.HAL_TIM_Base_Start_IT)
    i.HAL_TIM_IC_CaptureCallback             0x080017c4   Section        0  stm32f4xx_hal_tim.o(i.HAL_TIM_IC_CaptureCallback)
    i.HAL_TIM_IRQHandler                     0x080017c6   Section        0  stm32f4xx_hal_tim.o(i.HAL_TIM_IRQHandler)
    i.HAL_TIM_OC_DelayElapsedCallback        0x0800192c   Section        0  stm32f4xx_hal_tim.o(i.HAL_TIM_OC_DelayElapsedCallback)
    i.HAL_TIM_PWM_PulseFinishedCallback      0x0800192e   Section        0  stm32f4xx_hal_tim.o(i.HAL_TIM_PWM_PulseFinishedCallback)
    i.HAL_TIM_PeriodElapsedCallback          0x08001930   Section        0  main.o(i.HAL_TIM_PeriodElapsedCallback)
    i.HAL_TIM_TriggerCallback                0x08001944   Section        0  stm32f4xx_hal_tim.o(i.HAL_TIM_TriggerCallback)
    i.HAL_UARTEx_RxEventCallback             0x08001946   Section        0  stm32f4xx_hal_uart.o(i.HAL_UARTEx_RxEventCallback)
    i.HAL_UART_ErrorCallback                 0x08001948   Section        0  stm32f4xx_hal_uart.o(i.HAL_UART_ErrorCallback)
    i.HAL_UART_IRQHandler                    0x0800194c   Section        0  stm32f4xx_hal_uart.o(i.HAL_UART_IRQHandler)
    i.HAL_UART_Init                          0x08001bb4   Section        0  stm32f4xx_hal_uart.o(i.HAL_UART_Init)
    i.HAL_UART_MspInit                       0x08001c18   Section        0  usart.o(i.HAL_UART_MspInit)
    i.HAL_UART_Receive_IT                    0x08001cd4   Section        0  stm32f4xx_hal_uart.o(i.HAL_UART_Receive_IT)
    i.HAL_UART_RxCpltCallback                0x08001d00   Section        0  freertos.o(i.HAL_UART_RxCpltCallback)
    i.HAL_UART_TxCpltCallback                0x08001d50   Section        0  stm32f4xx_hal_uart.o(i.HAL_UART_TxCpltCallback)
    i.HardFault_Handler                      0x08001d52   Section        0  stm32f4xx_it.o(i.HardFault_Handler)
    i.I2C_IsAcknowledgeFailed                0x08001d54   Section        0  stm32f4xx_hal_i2c.o(i.I2C_IsAcknowledgeFailed)
    I2C_IsAcknowledgeFailed                  0x08001d55   Thumb Code    46  stm32f4xx_hal_i2c.o(i.I2C_IsAcknowledgeFailed)
    i.I2C_RequestMemoryRead                  0x08001d84   Section        0  stm32f4xx_hal_i2c.o(i.I2C_RequestMemoryRead)
    I2C_RequestMemoryRead                    0x08001d85   Thumb Code   246  stm32f4xx_hal_i2c.o(i.I2C_RequestMemoryRead)
    i.I2C_RequestMemoryWrite                 0x08001e80   Section        0  stm32f4xx_hal_i2c.o(i.I2C_RequestMemoryWrite)
    I2C_RequestMemoryWrite                   0x08001e81   Thumb Code   162  stm32f4xx_hal_i2c.o(i.I2C_RequestMemoryWrite)
    i.I2C_WaitOnBTFFlagUntilTimeout          0x08001f28   Section        0  stm32f4xx_hal_i2c.o(i.I2C_WaitOnBTFFlagUntilTimeout)
    I2C_WaitOnBTFFlagUntilTimeout            0x08001f29   Thumb Code    76  stm32f4xx_hal_i2c.o(i.I2C_WaitOnBTFFlagUntilTimeout)
    i.I2C_WaitOnFlagUntilTimeout             0x08001f74   Section        0  stm32f4xx_hal_i2c.o(i.I2C_WaitOnFlagUntilTimeout)
    I2C_WaitOnFlagUntilTimeout               0x08001f75   Thumb Code   104  stm32f4xx_hal_i2c.o(i.I2C_WaitOnFlagUntilTimeout)
    i.I2C_WaitOnMasterAddressFlagUntilTimeout 0x08001fdc   Section        0  stm32f4xx_hal_i2c.o(i.I2C_WaitOnMasterAddressFlagUntilTimeout)
    I2C_WaitOnMasterAddressFlagUntilTimeout  0x08001fdd   Thumb Code   150  stm32f4xx_hal_i2c.o(i.I2C_WaitOnMasterAddressFlagUntilTimeout)
    i.I2C_WaitOnRXNEFlagUntilTimeout         0x08002072   Section        0  stm32f4xx_hal_i2c.o(i.I2C_WaitOnRXNEFlagUntilTimeout)
    I2C_WaitOnRXNEFlagUntilTimeout           0x08002073   Thumb Code   102  stm32f4xx_hal_i2c.o(i.I2C_WaitOnRXNEFlagUntilTimeout)
    i.I2C_WaitOnTXEFlagUntilTimeout          0x080020d8   Section        0  stm32f4xx_hal_i2c.o(i.I2C_WaitOnTXEFlagUntilTimeout)
    I2C_WaitOnTXEFlagUntilTimeout            0x080020d9   Thumb Code    76  stm32f4xx_hal_i2c.o(i.I2C_WaitOnTXEFlagUntilTimeout)
    i.MPU6050_Init                           0x08002124   Section        0  main.o(i.MPU6050_Init)
    i.MPU6050_Read_Accel                     0x08002168   Section        0  main.o(i.MPU6050_Read_Accel)
    i.MX_FREERTOS_Init                       0x080021b4   Section        0  freertos.o(i.MX_FREERTOS_Init)
    i.MX_GPIO_Init                           0x08002260   Section        0  gpio.o(i.MX_GPIO_Init)
    i.MX_I2C1_Init                           0x080022ac   Section        0  i2c.o(i.MX_I2C1_Init)
    i.MX_RTC_Init                            0x080022ec   Section        0  rtc.o(i.MX_RTC_Init)
    i.MX_USART1_UART_Init                    0x08002374   Section        0  usart.o(i.MX_USART1_UART_Init)
    i.MX_USART2_UART_Init                    0x080023ac   Section        0  usart.o(i.MX_USART2_UART_Init)
    i.MedicineReminder_Task                  0x080023e4   Section        0  freertos.o(i.MedicineReminder_Task)
    i.MemManage_Handler                      0x080024f0   Section        0  stm32f4xx_it.o(i.MemManage_Handler)
    i.NMI_Handler                            0x080024f2   Section        0  stm32f4xx_it.o(i.NMI_Handler)
    i.Process_Task                           0x080024f4   Section        0  freertos.o(i.Process_Task)
    i.RTC_Bcd2ToByte                         0x08002670   Section        0  stm32f4xx_hal_rtc.o(i.RTC_Bcd2ToByte)
    i.RTC_ByteToBcd2                         0x08002682   Section        0  stm32f4xx_hal_rtc.o(i.RTC_ByteToBcd2)
    i.RTC_EnterInitMode                      0x0800269c   Section        0  stm32f4xx_hal_rtc.o(i.RTC_EnterInitMode)
    i.RTC_ExitInitMode                       0x080026e4   Section        0  stm32f4xx_hal_rtc.o(i.RTC_ExitInitMode)
    i.Sensor_Task                            0x08002710   Section        0  freertos.o(i.Sensor_Task)
    i.StartDefaultTask                       0x08002758   Section        0  freertos.o(i.StartDefaultTask)
    i.StartTask02                            0x08002760   Section        0  freertos.o(i.StartTask02)
    i.SysTick_Handler                        0x08002768   Section        0  port.o(i.SysTick_Handler)
    i.SystemClock_Config                     0x08002794   Section        0  main.o(i.SystemClock_Config)
    i.SystemInit                             0x08002830   Section        0  system_stm32f4xx.o(i.SystemInit)
    i.TIM1_UP_TIM10_IRQHandler               0x08002840   Section        0  stm32f4xx_it.o(i.TIM1_UP_TIM10_IRQHandler)
    i.TIM_Base_SetConfig                     0x0800284c   Section        0  stm32f4xx_hal_tim.o(i.TIM_Base_SetConfig)
    i.UART_DMAAbortOnError                   0x08002914   Section        0  stm32f4xx_hal_uart.o(i.UART_DMAAbortOnError)
    UART_DMAAbortOnError                     0x08002915   Thumb Code    16  stm32f4xx_hal_uart.o(i.UART_DMAAbortOnError)
    i.UART_EndRxTransfer                     0x08002924   Section        0  stm32f4xx_hal_uart.o(i.UART_EndRxTransfer)
    UART_EndRxTransfer                       0x08002925   Thumb Code    78  stm32f4xx_hal_uart.o(i.UART_EndRxTransfer)
    i.UART_Receive_IT                        0x08002972   Section        0  stm32f4xx_hal_uart.o(i.UART_Receive_IT)
    UART_Receive_IT                          0x08002973   Thumb Code   192  stm32f4xx_hal_uart.o(i.UART_Receive_IT)
    i.UART_SetConfig                         0x08002a34   Section        0  stm32f4xx_hal_uart.o(i.UART_SetConfig)
    UART_SetConfig                           0x08002a35   Thumb Code   258  stm32f4xx_hal_uart.o(i.UART_SetConfig)
    i.UART_Start_Receive_IT                  0x08002b40   Section        0  stm32f4xx_hal_uart.o(i.UART_Start_Receive_IT)
    i.USART2_IRQHandler                      0x08002b7c   Section        0  stm32f4xx_it.o(i.USART2_IRQHandler)
    i.UsageFault_Handler                     0x08002b88   Section        0  stm32f4xx_it.o(i.UsageFault_Handler)
    i.__0printf$6                            0x08002b8c   Section        0  printf6.o(i.__0printf$6)
    i.__NVIC_SetPriority                     0x08002bac   Section        0  stm32f4xx_hal_cortex.o(i.__NVIC_SetPriority)
    __NVIC_SetPriority                       0x08002bad   Thumb Code    32  stm32f4xx_hal_cortex.o(i.__NVIC_SetPriority)
    i.__scatterload_copy                     0x08002bcc   Section       14  handlers.o(i.__scatterload_copy)
    i.__scatterload_null                     0x08002bda   Section        2  handlers.o(i.__scatterload_null)
    i.__scatterload_zeroinit                 0x08002bdc   Section       14  handlers.o(i.__scatterload_zeroinit)
    i._printf_core                           0x08002bec   Section        0  printf6.o(i._printf_core)
    _printf_core                             0x08002bed   Thumb Code   748  printf6.o(i._printf_core)
    i._printf_post_padding                   0x08002edc   Section        0  printf6.o(i._printf_post_padding)
    _printf_post_padding                     0x08002edd   Thumb Code    36  printf6.o(i._printf_post_padding)
    i._printf_pre_padding                    0x08002f00   Section        0  printf6.o(i._printf_pre_padding)
    _printf_pre_padding                      0x08002f01   Thumb Code    46  printf6.o(i._printf_pre_padding)
    i.fputc                                  0x08002f30   Section        0  usart.o(i.fputc)
    i.main                                   0x08002f40   Section        0  main.o(i.main)
    i.makeFreeRtosPriority                   0x08002f6a   Section        0  cmsis_os.o(i.makeFreeRtosPriority)
    makeFreeRtosPriority                     0x08002f6b   Thumb Code    12  cmsis_os.o(i.makeFreeRtosPriority)
    i.osDelay                                0x08002f76   Section        0  cmsis_os.o(i.osDelay)
    i.osKernelStart                          0x08002f84   Section        0  cmsis_os.o(i.osKernelStart)
    i.osThreadCreate                         0x08002f8e   Section        0  cmsis_os.o(i.osThreadCreate)
    i.prvAddCurrentTaskToDelayedList         0x08002fe4   Section        0  tasks.o(i.prvAddCurrentTaskToDelayedList)
    prvAddCurrentTaskToDelayedList           0x08002fe5   Thumb Code   102  tasks.o(i.prvAddCurrentTaskToDelayedList)
    i.prvAddNewTaskToReadyList               0x08003054   Section        0  tasks.o(i.prvAddNewTaskToReadyList)
    prvAddNewTaskToReadyList                 0x08003055   Thumb Code   194  tasks.o(i.prvAddNewTaskToReadyList)
    i.prvCopyDataFromQueue                   0x08003124   Section        0  queue.o(i.prvCopyDataFromQueue)
    prvCopyDataFromQueue                     0x08003125   Thumb Code    38  queue.o(i.prvCopyDataFromQueue)
    i.prvCopyDataToQueue                     0x0800314a   Section        0  queue.o(i.prvCopyDataToQueue)
    prvCopyDataToQueue                       0x0800314b   Thumb Code   108  queue.o(i.prvCopyDataToQueue)
    i.prvDeleteTCB                           0x080031b6   Section        0  tasks.o(i.prvDeleteTCB)
    prvDeleteTCB                             0x080031b7   Thumb Code    52  tasks.o(i.prvDeleteTCB)
    i.prvHeapInit                            0x080031ec   Section        0  heap_4.o(i.prvHeapInit)
    prvHeapInit                              0x080031ed   Thumb Code    66  heap_4.o(i.prvHeapInit)
    i.prvIdleTask                            0x08003238   Section        0  tasks.o(i.prvIdleTask)
    prvIdleTask                              0x08003239   Thumb Code    82  tasks.o(i.prvIdleTask)
    i.prvInitialiseNewQueue                  0x08003298   Section        0  queue.o(i.prvInitialiseNewQueue)
    prvInitialiseNewQueue                    0x08003299   Thumb Code    22  queue.o(i.prvInitialiseNewQueue)
    i.prvInitialiseNewTask                   0x080032ae   Section        0  tasks.o(i.prvInitialiseNewTask)
    prvInitialiseNewTask                     0x080032af   Thumb Code   152  tasks.o(i.prvInitialiseNewTask)
    i.prvInsertBlockIntoFreeList             0x08003348   Section        0  heap_4.o(i.prvInsertBlockIntoFreeList)
    prvInsertBlockIntoFreeList               0x08003349   Thumb Code    72  heap_4.o(i.prvInsertBlockIntoFreeList)
    i.prvIsQueueEmpty                        0x08003394   Section        0  queue.o(i.prvIsQueueEmpty)
    prvIsQueueEmpty                          0x08003395   Thumb Code    28  queue.o(i.prvIsQueueEmpty)
    i.prvResetNextTaskUnblockTime            0x080033b0   Section        0  tasks.o(i.prvResetNextTaskUnblockTime)
    prvResetNextTaskUnblockTime              0x080033b1   Thumb Code    26  tasks.o(i.prvResetNextTaskUnblockTime)
    i.prvTaskExitError                       0x080033d0   Section        0  port.o(i.prvTaskExitError)
    prvTaskExitError                         0x080033d1   Thumb Code    36  port.o(i.prvTaskExitError)
    i.prvUnlockQueue                         0x080033f8   Section        0  queue.o(i.prvUnlockQueue)
    prvUnlockQueue                           0x080033f9   Thumb Code   106  queue.o(i.prvUnlockQueue)
    i.pvPortMalloc                           0x08003464   Section        0  heap_4.o(i.pvPortMalloc)
    i.pxPortInitialiseStack                  0x08003540   Section        0  port.o(i.pxPortInitialiseStack)
    i.uxListRemove                           0x0800356c   Section        0  list.o(i.uxListRemove)
    i.vApplicationGetIdleTaskMemory          0x08003594   Section        0  freertos.o(i.vApplicationGetIdleTaskMemory)
    i.vListInitialise                        0x080035a8   Section        0  list.o(i.vListInitialise)
    i.vListInitialiseItem                    0x080035be   Section        0  list.o(i.vListInitialiseItem)
    i.vListInsert                            0x080035c4   Section        0  list.o(i.vListInsert)
    i.vListInsertEnd                         0x080035f4   Section        0  list.o(i.vListInsertEnd)
    i.vPortEnterCritical                     0x0800360c   Section        0  port.o(i.vPortEnterCritical)
    i.vPortExitCritical                      0x0800364c   Section        0  port.o(i.vPortExitCritical)
    i.vPortFree                              0x08003674   Section        0  heap_4.o(i.vPortFree)
    i.vPortSetupTimerInterrupt               0x080036d8   Section        0  port.o(i.vPortSetupTimerInterrupt)
    i.vPortValidateInterruptPriority         0x080036fc   Section        0  port.o(i.vPortValidateInterruptPriority)
    i.vTaskDelay                             0x08003750   Section        0  tasks.o(i.vTaskDelay)
    i.vTaskDelayUntil                        0x0800379c   Section        0  tasks.o(i.vTaskDelayUntil)
    i.vTaskInternalSetTimeOutState           0x08003828   Section        0  tasks.o(i.vTaskInternalSetTimeOutState)
    i.vTaskMissedYield                       0x08003838   Section        0  tasks.o(i.vTaskMissedYield)
    i.vTaskPlaceOnEventList                  0x08003844   Section        0  tasks.o(i.vTaskPlaceOnEventList)
    i.vTaskStartScheduler                    0x08003874   Section        0  tasks.o(i.vTaskStartScheduler)
    i.vTaskSuspendAll                        0x080038e0   Section        0  tasks.o(i.vTaskSuspendAll)
    i.vTaskSwitchContext                     0x080038f0   Section        0  tasks.o(i.vTaskSwitchContext)
    i.xPortStartScheduler                    0x0800394c   Section        0  port.o(i.xPortStartScheduler)
    i.xQueueGenericCreate                    0x08003a40   Section        0  queue.o(i.xQueueGenericCreate)
    i.xQueueGenericReset                     0x08003a84   Section        0  queue.o(i.xQueueGenericReset)
    i.xQueueGenericSend                      0x08003b0c   Section        0  queue.o(i.xQueueGenericSend)
    i.xQueueGenericSendFromISR               0x08003c6c   Section        0  queue.o(i.xQueueGenericSendFromISR)
    i.xQueueReceive                          0x08003d2c   Section        0  queue.o(i.xQueueReceive)
    i.xTaskCheckForTimeOut                   0x08003e64   Section        0  tasks.o(i.xTaskCheckForTimeOut)
    i.xTaskCreate                            0x08003ed8   Section        0  tasks.o(i.xTaskCreate)
    i.xTaskCreateStatic                      0x08003f32   Section        0  tasks.o(i.xTaskCreateStatic)
    i.xTaskGetSchedulerState                 0x08003f88   Section        0  tasks.o(i.xTaskGetSchedulerState)
    i.xTaskGetTickCount                      0x08003fa4   Section        0  tasks.o(i.xTaskGetTickCount)
    i.xTaskIncrementTick                     0x08003fb0   Section        0  tasks.o(i.xTaskIncrementTick)
    i.xTaskPriorityDisinherit                0x0800407c   Section        0  tasks.o(i.xTaskPriorityDisinherit)
    i.xTaskRemoveFromEventList               0x08004114   Section        0  tasks.o(i.xTaskRemoveFromEventList)
    i.xTaskResumeAll                         0x08004188   Section        0  tasks.o(i.xTaskResumeAll)
    .constdata                               0x0800424c   Section      148  freertos.o(.constdata)
    .constdata                               0x080042e0   Section       16  system_stm32f4xx.o(.constdata)
    .constdata                               0x080042f0   Section        8  system_stm32f4xx.o(.constdata)
    .conststring                             0x080042f8   Section       53  freertos.o(.conststring)
    .data                                    0x20000000   Section       24  freertos.o(.data)
    fall_state                               0x20000000   Data           1  freertos.o(.data)
    state_start_time                         0x20000004   Data           4  freertos.o(.data)
    .data                                    0x20000018   Section       12  stm32f4xx_hal.o(.data)
    .data                                    0x20000024   Section        4  system_stm32f4xx.o(.data)
    .data                                    0x20000028   Section       60  tasks.o(.data)
    uxDeletedTasksWaitingCleanUp             0x2000002c   Data           4  tasks.o(.data)
    uxCurrentNumberOfTasks                   0x20000030   Data           4  tasks.o(.data)
    xTickCount                               0x20000034   Data           4  tasks.o(.data)
    uxTopReadyPriority                       0x20000038   Data           4  tasks.o(.data)
    xSchedulerRunning                        0x2000003c   Data           4  tasks.o(.data)
    xPendedTicks                             0x20000040   Data           4  tasks.o(.data)
    xYieldPending                            0x20000044   Data           4  tasks.o(.data)
    xNumOfOverflows                          0x20000048   Data           4  tasks.o(.data)
    uxTaskNumber                             0x2000004c   Data           4  tasks.o(.data)
    xNextTaskUnblockTime                     0x20000050   Data           4  tasks.o(.data)
    xIdleTaskHandle                          0x20000054   Data           4  tasks.o(.data)
    uxSchedulerSuspended                     0x20000058   Data           4  tasks.o(.data)
    pxDelayedTaskList                        0x2000005c   Data           4  tasks.o(.data)
    pxOverflowDelayedTaskList                0x20000060   Data           4  tasks.o(.data)
    .data                                    0x20000064   Section       32  heap_4.o(.data)
    pxEnd                                    0x20000064   Data           4  heap_4.o(.data)
    xFreeBytesRemaining                      0x20000068   Data           4  heap_4.o(.data)
    xMinimumEverFreeBytesRemaining           0x2000006c   Data           4  heap_4.o(.data)
    xNumberOfSuccessfulAllocations           0x20000070   Data           4  heap_4.o(.data)
    xNumberOfSuccessfulFrees                 0x20000074   Data           4  heap_4.o(.data)
    xBlockAllocatedBit                       0x20000078   Data           4  heap_4.o(.data)
    xStart                                   0x2000007c   Data           8  heap_4.o(.data)
    .data                                    0x20000084   Section       12  port.o(.data)
    ucMaxSysCallPriority                     0x20000084   Data           1  port.o(.data)
    uxCriticalNesting                        0x20000088   Data           4  port.o(.data)
    ulMaxPRIGROUPValue                       0x2000008c   Data           4  port.o(.data)
    .data                                    0x20000090   Section        4  stdout.o(.data)
    .bss                                     0x20000094   Section      596  freertos.o(.bss)
    xIdleTaskTCBBuffer                       0x20000094   Data          84  freertos.o(.bss)
    xIdleStack                               0x200000e8   Data         512  freertos.o(.bss)
    .bss                                     0x200002e8   Section       84  i2c.o(.bss)
    .bss                                     0x2000033c   Section       32  rtc.o(.bss)
    .bss                                     0x2000035c   Section      136  usart.o(.bss)
    .bss                                     0x200003e4   Section       72  stm32f4xx_hal_timebase_tim.o(.bss)
    .bss                                     0x2000042c   Section      240  tasks.o(.bss)
    pxReadyTasksLists                        0x2000042c   Data         140  tasks.o(.bss)
    xDelayedTaskList1                        0x200004b8   Data          20  tasks.o(.bss)
    xDelayedTaskList2                        0x200004cc   Data          20  tasks.o(.bss)
    xPendingReadyList                        0x200004e0   Data          20  tasks.o(.bss)
    xTasksWaitingTermination                 0x200004f4   Data          20  tasks.o(.bss)
    xSuspendedTaskList                       0x20000508   Data          20  tasks.o(.bss)
    .bss                                     0x2000051c   Section    15360  heap_4.o(.bss)
    ucHeap                                   0x2000051c   Data       15360  heap_4.o(.bss)
    STACK                                    0x20004120   Section     1024  startup_stm32f407xx.o(STACK)

    Global Symbols

    Symbol Name                              Value     Ov Type        Size  Object(Section)

    BuildAttributes$$THM_ISAv4$E$P$D$K$B$S$7EM$VFPi3$EXTD16$VFPS$VFMA$PE$A:L22UL41UL21$X:L11$S22US41US21$IEEE1$IW$USESV6$~STKCKD$USESV7$~SHL$OSPACE$ROPI$EBA8$MICROLIB$REQ8$PRES8$EABIv2 0x00000000   Number         0  anon$$obj.o ABSOLUTE
    __ARM_use_no_argv                        0x00000000   Number         0  main.o ABSOLUTE
    _printf_a                                0x00000000   Number         0  stubs.o ABSOLUTE
    _printf_c                                0x00000000   Number         0  stubs.o ABSOLUTE
    _printf_charcount                        0x00000000   Number         0  stubs.o ABSOLUTE
    _printf_d                                0x00000000   Number         0  stubs.o ABSOLUTE
    _printf_e                                0x00000000   Number         0  stubs.o ABSOLUTE
    _printf_f                                0x00000000   Number         0  stubs.o ABSOLUTE
    _printf_flags                            0x00000000   Number         0  stubs.o ABSOLUTE
    _printf_fp_dec                           0x00000000   Number         0  stubs.o ABSOLUTE
    _printf_fp_hex                           0x00000000   Number         0  stubs.o ABSOLUTE
    _printf_g                                0x00000000   Number         0  stubs.o ABSOLUTE
    _printf_i                                0x00000000   Number         0  stubs.o ABSOLUTE
    _printf_int_dec                          0x00000000   Number         0  stubs.o ABSOLUTE
    _printf_l                                0x00000000   Number         0  stubs.o ABSOLUTE
    _printf_lc                               0x00000000   Number         0  stubs.o ABSOLUTE
    _printf_ll                               0x00000000   Number         0  stubs.o ABSOLUTE
    _printf_lld                              0x00000000   Number         0  stubs.o ABSOLUTE
    _printf_lli                              0x00000000   Number         0  stubs.o ABSOLUTE
    _printf_llo                              0x00000000   Number         0  stubs.o ABSOLUTE
    _printf_llu                              0x00000000   Number         0  stubs.o ABSOLUTE
    _printf_llx                              0x00000000   Number         0  stubs.o ABSOLUTE
    _printf_longlong_dec                     0x00000000   Number         0  stubs.o ABSOLUTE
    _printf_longlong_hex                     0x00000000   Number         0  stubs.o ABSOLUTE
    _printf_longlong_oct                     0x00000000   Number         0  stubs.o ABSOLUTE
    _printf_ls                               0x00000000   Number         0  stubs.o ABSOLUTE
    _printf_mbtowc                           0x00000000   Number         0  stubs.o ABSOLUTE
    _printf_n                                0x00000000   Number         0  stubs.o ABSOLUTE
    _printf_o                                0x00000000   Number         0  stubs.o ABSOLUTE
    _printf_p                                0x00000000   Number         0  stubs.o ABSOLUTE
    _printf_percent                          0x00000000   Number         0  stubs.o ABSOLUTE
    _printf_pre_padding                      0x00000000   Number         0  stubs.o ABSOLUTE
    _printf_return_value                     0x00000000   Number         0  stubs.o ABSOLUTE
    _printf_s                                0x00000000   Number         0  stubs.o ABSOLUTE
    _printf_sizespec                         0x00000000   Number         0  stubs.o ABSOLUTE
    _printf_str                              0x00000000   Number         0  stubs.o ABSOLUTE
    _printf_truncate_signed                  0x00000000   Number         0  stubs.o ABSOLUTE
    _printf_truncate_unsigned                0x00000000   Number         0  stubs.o ABSOLUTE
    _printf_u                                0x00000000   Number         0  stubs.o ABSOLUTE
    _printf_wc                               0x00000000   Number         0  stubs.o ABSOLUTE
    _printf_wctomb                           0x00000000   Number         0  stubs.o ABSOLUTE
    _printf_widthprec                        0x00000000   Number         0  stubs.o ABSOLUTE
    _printf_x                                0x00000000   Number         0  stubs.o ABSOLUTE
    __arm_fini_                               - Undefined Weak Reference
    __cpp_initialize__aeabi_                  - Undefined Weak Reference
    __cxa_finalize                            - Undefined Weak Reference
    __decompress                              - Undefined Weak Reference
    _clock_init                               - Undefined Weak Reference
    _microlib_exit                            - Undefined Weak Reference
    __Vectors_Size                           0x00000188   Number         0  startup_stm32f407xx.o ABSOLUTE
    __Vectors                                0x08000000   Data           4  startup_stm32f407xx.o(RESET)
    __Vectors_End                            0x08000188   Data           0  startup_stm32f407xx.o(RESET)
    __main                                   0x08000189   Thumb Code     0  entry.o(.ARM.Collect$$$$00000000)
    _main_stk                                0x08000189   Thumb Code     0  entry2.o(.ARM.Collect$$$$00000001)
    _main_scatterload                        0x0800018d   Thumb Code     0  entry5.o(.ARM.Collect$$$$00000004)
    __main_after_scatterload                 0x08000191   Thumb Code     0  entry5.o(.ARM.Collect$$$$00000004)
    _main_clock                              0x08000191   Thumb Code     0  entry7b.o(.ARM.Collect$$$$00000008)
    _main_cpp_init                           0x08000191   Thumb Code     0  entry8b.o(.ARM.Collect$$$$0000000A)
    _main_init                               0x08000191   Thumb Code     0  entry9a.o(.ARM.Collect$$$$0000000B)
    __rt_lib_shutdown_fini                   0x08000199   Thumb Code     0  entry12b.o(.ARM.Collect$$$$0000000E)
    __rt_final_cpp                           0x0800019d   Thumb Code     0  entry10a.o(.ARM.Collect$$$$0000000F)
    __rt_final_exit                          0x0800019d   Thumb Code     0  entry11a.o(.ARM.Collect$$$$00000011)
    SVC_Handler                              0x080001a1   Thumb Code    28  port.o(.emb_text)
    __asm___6_port_c_39a90d8d__prvStartFirstTask 0x080001c1   Thumb Code    36  port.o(.emb_text)
    __asm___6_port_c_39a90d8d__prvEnableVFP  0x080001e9   Thumb Code    16  port.o(.emb_text)
    PendSV_Handler                           0x080001fd   Thumb Code    88  port.o(.emb_text)
    vPortGetIPSR                             0x08000259   Thumb Code     6  port.o(.emb_text)
    Reset_Handler                            0x08000261   Thumb Code     8  startup_stm32f407xx.o(.text)
    ADC_IRQHandler                           0x0800027b   Thumb Code     0  startup_stm32f407xx.o(.text)
    CAN1_RX0_IRQHandler                      0x0800027b   Thumb Code     0  startup_stm32f407xx.o(.text)
    CAN1_RX1_IRQHandler                      0x0800027b   Thumb Code     0  startup_stm32f407xx.o(.text)
    CAN1_SCE_IRQHandler                      0x0800027b   Thumb Code     0  startup_stm32f407xx.o(.text)
    CAN1_TX_IRQHandler                       0x0800027b   Thumb Code     0  startup_stm32f407xx.o(.text)
    CAN2_RX0_IRQHandler                      0x0800027b   Thumb Code     0  startup_stm32f407xx.o(.text)
    CAN2_RX1_IRQHandler                      0x0800027b   Thumb Code     0  startup_stm32f407xx.o(.text)
    CAN2_SCE_IRQHandler                      0x0800027b   Thumb Code     0  startup_stm32f407xx.o(.text)
    CAN2_TX_IRQHandler                       0x0800027b   Thumb Code     0  startup_stm32f407xx.o(.text)
    DCMI_IRQHandler                          0x0800027b   Thumb Code     0  startup_stm32f407xx.o(.text)
    DMA1_Stream0_IRQHandler                  0x0800027b   Thumb Code     0  startup_stm32f407xx.o(.text)
    DMA1_Stream1_IRQHandler                  0x0800027b   Thumb Code     0  startup_stm32f407xx.o(.text)
    DMA1_Stream2_IRQHandler                  0x0800027b   Thumb Code     0  startup_stm32f407xx.o(.text)
    DMA1_Stream3_IRQHandler                  0x0800027b   Thumb Code     0  startup_stm32f407xx.o(.text)
    DMA1_Stream4_IRQHandler                  0x0800027b   Thumb Code     0  startup_stm32f407xx.o(.text)
    DMA1_Stream5_IRQHandler                  0x0800027b   Thumb Code     0  startup_stm32f407xx.o(.text)
    DMA1_Stream6_IRQHandler                  0x0800027b   Thumb Code     0  startup_stm32f407xx.o(.text)
    DMA1_Stream7_IRQHandler                  0x0800027b   Thumb Code     0  startup_stm32f407xx.o(.text)
    DMA2_Stream0_IRQHandler                  0x0800027b   Thumb Code     0  startup_stm32f407xx.o(.text)
    DMA2_Stream1_IRQHandler                  0x0800027b   Thumb Code     0  startup_stm32f407xx.o(.text)
    DMA2_Stream2_IRQHandler                  0x0800027b   Thumb Code     0  startup_stm32f407xx.o(.text)
    DMA2_Stream3_IRQHandler                  0x0800027b   Thumb Code     0  startup_stm32f407xx.o(.text)
    DMA2_Stream4_IRQHandler                  0x0800027b   Thumb Code     0  startup_stm32f407xx.o(.text)
    DMA2_Stream5_IRQHandler                  0x0800027b   Thumb Code     0  startup_stm32f407xx.o(.text)
    DMA2_Stream6_IRQHandler                  0x0800027b   Thumb Code     0  startup_stm32f407xx.o(.text)
    DMA2_Stream7_IRQHandler                  0x0800027b   Thumb Code     0  startup_stm32f407xx.o(.text)
    ETH_IRQHandler                           0x0800027b   Thumb Code     0  startup_stm32f407xx.o(.text)
    ETH_WKUP_IRQHandler                      0x0800027b   Thumb Code     0  startup_stm32f407xx.o(.text)
    EXTI0_IRQHandler                         0x0800027b   Thumb Code     0  startup_stm32f407xx.o(.text)
    EXTI15_10_IRQHandler                     0x0800027b   Thumb Code     0  startup_stm32f407xx.o(.text)
    EXTI1_IRQHandler                         0x0800027b   Thumb Code     0  startup_stm32f407xx.o(.text)
    EXTI2_IRQHandler                         0x0800027b   Thumb Code     0  startup_stm32f407xx.o(.text)
    EXTI3_IRQHandler                         0x0800027b   Thumb Code     0  startup_stm32f407xx.o(.text)
    EXTI4_IRQHandler                         0x0800027b   Thumb Code     0  startup_stm32f407xx.o(.text)
    EXTI9_5_IRQHandler                       0x0800027b   Thumb Code     0  startup_stm32f407xx.o(.text)
    FLASH_IRQHandler                         0x0800027b   Thumb Code     0  startup_stm32f407xx.o(.text)
    FMC_IRQHandler                           0x0800027b   Thumb Code     0  startup_stm32f407xx.o(.text)
    FPU_IRQHandler                           0x0800027b   Thumb Code     0  startup_stm32f407xx.o(.text)
    HASH_RNG_IRQHandler                      0x0800027b   Thumb Code     0  startup_stm32f407xx.o(.text)
    I2C1_ER_IRQHandler                       0x0800027b   Thumb Code     0  startup_stm32f407xx.o(.text)
    I2C1_EV_IRQHandler                       0x0800027b   Thumb Code     0  startup_stm32f407xx.o(.text)
    I2C2_ER_IRQHandler                       0x0800027b   Thumb Code     0  startup_stm32f407xx.o(.text)
    I2C2_EV_IRQHandler                       0x0800027b   Thumb Code     0  startup_stm32f407xx.o(.text)
    I2C3_ER_IRQHandler                       0x0800027b   Thumb Code     0  startup_stm32f407xx.o(.text)
    I2C3_EV_IRQHandler                       0x0800027b   Thumb Code     0  startup_stm32f407xx.o(.text)
    OTG_FS_IRQHandler                        0x0800027b   Thumb Code     0  startup_stm32f407xx.o(.text)
    OTG_FS_WKUP_IRQHandler                   0x0800027b   Thumb Code     0  startup_stm32f407xx.o(.text)
    OTG_HS_EP1_IN_IRQHandler                 0x0800027b   Thumb Code     0  startup_stm32f407xx.o(.text)
    OTG_HS_EP1_OUT_IRQHandler                0x0800027b   Thumb Code     0  startup_stm32f407xx.o(.text)
    OTG_HS_IRQHandler                        0x0800027b   Thumb Code     0  startup_stm32f407xx.o(.text)
    OTG_HS_WKUP_IRQHandler                   0x0800027b   Thumb Code     0  startup_stm32f407xx.o(.text)
    PVD_IRQHandler                           0x0800027b   Thumb Code     0  startup_stm32f407xx.o(.text)
    RCC_IRQHandler                           0x0800027b   Thumb Code     0  startup_stm32f407xx.o(.text)
    RTC_Alarm_IRQHandler                     0x0800027b   Thumb Code     0  startup_stm32f407xx.o(.text)
    RTC_WKUP_IRQHandler                      0x0800027b   Thumb Code     0  startup_stm32f407xx.o(.text)
    SDIO_IRQHandler                          0x0800027b   Thumb Code     0  startup_stm32f407xx.o(.text)
    SPI1_IRQHandler                          0x0800027b   Thumb Code     0  startup_stm32f407xx.o(.text)
    SPI2_IRQHandler                          0x0800027b   Thumb Code     0  startup_stm32f407xx.o(.text)
    SPI3_IRQHandler                          0x0800027b   Thumb Code     0  startup_stm32f407xx.o(.text)
    TAMP_STAMP_IRQHandler                    0x0800027b   Thumb Code     0  startup_stm32f407xx.o(.text)
    TIM1_BRK_TIM9_IRQHandler                 0x0800027b   Thumb Code     0  startup_stm32f407xx.o(.text)
    TIM1_CC_IRQHandler                       0x0800027b   Thumb Code     0  startup_stm32f407xx.o(.text)
    TIM1_TRG_COM_TIM11_IRQHandler            0x0800027b   Thumb Code     0  startup_stm32f407xx.o(.text)
    TIM2_IRQHandler                          0x0800027b   Thumb Code     0  startup_stm32f407xx.o(.text)
    TIM3_IRQHandler                          0x0800027b   Thumb Code     0  startup_stm32f407xx.o(.text)
    TIM4_IRQHandler                          0x0800027b   Thumb Code     0  startup_stm32f407xx.o(.text)
    TIM5_IRQHandler                          0x0800027b   Thumb Code     0  startup_stm32f407xx.o(.text)
    TIM6_DAC_IRQHandler                      0x0800027b   Thumb Code     0  startup_stm32f407xx.o(.text)
    TIM7_IRQHandler                          0x0800027b   Thumb Code     0  startup_stm32f407xx.o(.text)
    TIM8_BRK_TIM12_IRQHandler                0x0800027b   Thumb Code     0  startup_stm32f407xx.o(.text)
    TIM8_CC_IRQHandler                       0x0800027b   Thumb Code     0  startup_stm32f407xx.o(.text)
    TIM8_TRG_COM_TIM14_IRQHandler            0x0800027b   Thumb Code     0  startup_stm32f407xx.o(.text)
    TIM8_UP_TIM13_IRQHandler                 0x0800027b   Thumb Code     0  startup_stm32f407xx.o(.text)
    UART4_IRQHandler                         0x0800027b   Thumb Code     0  startup_stm32f407xx.o(.text)
    UART5_IRQHandler                         0x0800027b   Thumb Code     0  startup_stm32f407xx.o(.text)
    USART1_IRQHandler                        0x0800027b   Thumb Code     0  startup_stm32f407xx.o(.text)
    USART3_IRQHandler                        0x0800027b   Thumb Code     0  startup_stm32f407xx.o(.text)
    USART6_IRQHandler                        0x0800027b   Thumb Code     0  startup_stm32f407xx.o(.text)
    WWDG_IRQHandler                          0x0800027b   Thumb Code     0  startup_stm32f407xx.o(.text)
    __aeabi_uldivmod                         0x08000285   Thumb Code    98  uldiv.o(.text)
    __aeabi_memcpy                           0x080002e7   Thumb Code    36  memcpya.o(.text)
    __aeabi_memcpy4                          0x080002e7   Thumb Code     0  memcpya.o(.text)
    __aeabi_memcpy8                          0x080002e7   Thumb Code     0  memcpya.o(.text)
    __aeabi_memset                           0x0800030b   Thumb Code    14  memseta.o(.text)
    __aeabi_memset4                          0x0800030b   Thumb Code     0  memseta.o(.text)
    __aeabi_memset8                          0x0800030b   Thumb Code     0  memseta.o(.text)
    __aeabi_memclr                           0x08000319   Thumb Code     4  memseta.o(.text)
    __aeabi_memclr4                          0x08000319   Thumb Code     0  memseta.o(.text)
    __aeabi_memclr8                          0x08000319   Thumb Code     0  memseta.o(.text)
    memset                                   0x0800031d   Thumb Code    18  memseta.o(.text)
    __aeabi_uidiv                            0x0800032f   Thumb Code     0  uidiv.o(.text)
    __aeabi_uidivmod                         0x0800032f   Thumb Code    44  uidiv.o(.text)
    __aeabi_llsl                             0x0800035b   Thumb Code    30  llshl.o(.text)
    _ll_shift_l                              0x0800035b   Thumb Code     0  llshl.o(.text)
    __aeabi_llsr                             0x08000379   Thumb Code    32  llushr.o(.text)
    _ll_ushift_r                             0x08000379   Thumb Code     0  llushr.o(.text)
    __scatterload                            0x08000399   Thumb Code    28  init.o(.text)
    __scatterload_rt2                        0x08000399   Thumb Code     0  init.o(.text)
    BusFault_Handler                         0x080003bd   Thumb Code     2  stm32f4xx_it.o(i.BusFault_Handler)
    DebugMon_Handler                         0x080003bf   Thumb Code     2  stm32f4xx_it.o(i.DebugMon_Handler)
    Error_Handler                            0x080003c1   Thumb Code     4  main.o(i.Error_Handler)
    HAL_DMA_Abort                            0x080003c5   Thumb Code   146  stm32f4xx_hal_dma.o(i.HAL_DMA_Abort)
    HAL_DMA_Abort_IT                         0x08000457   Thumb Code    36  stm32f4xx_hal_dma.o(i.HAL_DMA_Abort_IT)
    HAL_Delay                                0x0800047d   Thumb Code    32  stm32f4xx_hal.o(i.HAL_Delay)
    HAL_GPIO_Init                            0x080004a1   Thumb Code   450  stm32f4xx_hal_gpio.o(i.HAL_GPIO_Init)
    HAL_GetTick                              0x08000691   Thumb Code     6  stm32f4xx_hal.o(i.HAL_GetTick)
    HAL_I2C_Init                             0x0800069d   Thumb Code   376  stm32f4xx_hal_i2c.o(i.HAL_I2C_Init)
    HAL_I2C_Mem_Read                         0x08000825   Thumb Code   490  stm32f4xx_hal_i2c.o(i.HAL_I2C_Mem_Read)
    HAL_I2C_Mem_Write                        0x08000a1d   Thumb Code   294  stm32f4xx_hal_i2c.o(i.HAL_I2C_Mem_Write)
    HAL_I2C_MspInit                          0x08000b4d   Thumb Code    92  i2c.o(i.HAL_I2C_MspInit)
    HAL_IncTick                              0x08000bb5   Thumb Code    12  stm32f4xx_hal.o(i.HAL_IncTick)
    HAL_Init                                 0x08000bc5   Thumb Code    48  stm32f4xx_hal.o(i.HAL_Init)
    HAL_InitTick                             0x08000bf9   Thumb Code   120  stm32f4xx_hal_timebase_tim.o(i.HAL_InitTick)
    HAL_MspInit                              0x08000c85   Thumb Code    52  stm32f4xx_hal_msp.o(i.HAL_MspInit)
    HAL_NVIC_EnableIRQ                       0x08000cbd   Thumb Code    26  stm32f4xx_hal_cortex.o(i.HAL_NVIC_EnableIRQ)
    HAL_NVIC_SetPriority                     0x08000cd9   Thumb Code    60  stm32f4xx_hal_cortex.o(i.HAL_NVIC_SetPriority)
    HAL_NVIC_SetPriorityGrouping             0x08000d19   Thumb Code    26  stm32f4xx_hal_cortex.o(i.HAL_NVIC_SetPriorityGrouping)
    HAL_RCCEx_PeriphCLKConfig                0x08000d3d   Thumb Code   296  stm32f4xx_hal_rcc_ex.o(i.HAL_RCCEx_PeriphCLKConfig)
    HAL_RCC_ClockConfig                      0x08000e79   Thumb Code   288  stm32f4xx_hal_rcc.o(i.HAL_RCC_ClockConfig)
    HAL_RCC_GetClockConfig                   0x08000fad   Thumb Code    54  stm32f4xx_hal_rcc.o(i.HAL_RCC_GetClockConfig)
    HAL_RCC_GetPCLK1Freq                     0x08000fed   Thumb Code    20  stm32f4xx_hal_rcc.o(i.HAL_RCC_GetPCLK1Freq)
    HAL_RCC_GetPCLK2Freq                     0x0800100d   Thumb Code    20  stm32f4xx_hal_rcc.o(i.HAL_RCC_GetPCLK2Freq)
    HAL_RCC_GetSysClockFreq                  0x0800102d   Thumb Code    88  stm32f4xx_hal_rcc.o(i.HAL_RCC_GetSysClockFreq)
    HAL_RCC_OscConfig                        0x0800108d   Thumb Code   856  stm32f4xx_hal_rcc.o(i.HAL_RCC_OscConfig)
    HAL_RTC_GetDate                          0x080013f9   Thumb Code    62  stm32f4xx_hal_rtc.o(i.HAL_RTC_GetDate)
    HAL_RTC_GetTime                          0x0800143d   Thumb Code    78  stm32f4xx_hal_rtc.o(i.HAL_RTC_GetTime)
    HAL_RTC_Init                             0x08001491   Thumb Code   136  stm32f4xx_hal_rtc.o(i.HAL_RTC_Init)
    HAL_RTC_MspInit                          0x0800151d   Thumb Code    48  rtc.o(i.HAL_RTC_MspInit)
    HAL_RTC_SetDate                          0x08001555   Thumb Code   146  stm32f4xx_hal_rtc.o(i.HAL_RTC_SetDate)
    HAL_RTC_SetTime                          0x080015ed   Thumb Code   186  stm32f4xx_hal_rtc.o(i.HAL_RTC_SetTime)
    HAL_RTC_WaitForSynchro                   0x080016ad   Thumb Code    54  stm32f4xx_hal_rtc.o(i.HAL_RTC_WaitForSynchro)
    HAL_TIMEx_BreakCallback                  0x080016e3   Thumb Code     2  stm32f4xx_hal_tim_ex.o(i.HAL_TIMEx_BreakCallback)
    HAL_TIMEx_CommutCallback                 0x080016e5   Thumb Code     2  stm32f4xx_hal_tim_ex.o(i.HAL_TIMEx_CommutCallback)
    HAL_TIM_Base_Init                        0x080016e7   Thumb Code    90  stm32f4xx_hal_tim.o(i.HAL_TIM_Base_Init)
    HAL_TIM_Base_MspInit                     0x08001741   Thumb Code     2  stm32f4xx_hal_tim.o(i.HAL_TIM_Base_MspInit)
    HAL_TIM_Base_Start_IT                    0x08001745   Thumb Code   100  stm32f4xx_hal_tim.o(i.HAL_TIM_Base_Start_IT)
    HAL_TIM_IC_CaptureCallback               0x080017c5   Thumb Code     2  stm32f4xx_hal_tim.o(i.HAL_TIM_IC_CaptureCallback)
    HAL_TIM_IRQHandler                       0x080017c7   Thumb Code   358  stm32f4xx_hal_tim.o(i.HAL_TIM_IRQHandler)
    HAL_TIM_OC_DelayElapsedCallback          0x0800192d   Thumb Code     2  stm32f4xx_hal_tim.o(i.HAL_TIM_OC_DelayElapsedCallback)
    HAL_TIM_PWM_PulseFinishedCallback        0x0800192f   Thumb Code     2  stm32f4xx_hal_tim.o(i.HAL_TIM_PWM_PulseFinishedCallback)
    HAL_TIM_PeriodElapsedCallback            0x08001931   Thumb Code    14  main.o(i.HAL_TIM_PeriodElapsedCallback)
    HAL_TIM_TriggerCallback                  0x08001945   Thumb Code     2  stm32f4xx_hal_tim.o(i.HAL_TIM_TriggerCallback)
    HAL_UARTEx_RxEventCallback               0x08001947   Thumb Code     2  stm32f4xx_hal_uart.o(i.HAL_UARTEx_RxEventCallback)
    HAL_UART_ErrorCallback                   0x08001949   Thumb Code     2  stm32f4xx_hal_uart.o(i.HAL_UART_ErrorCallback)
    HAL_UART_IRQHandler                      0x0800194d   Thumb Code   610  stm32f4xx_hal_uart.o(i.HAL_UART_IRQHandler)
    HAL_UART_Init                            0x08001bb5   Thumb Code    98  stm32f4xx_hal_uart.o(i.HAL_UART_Init)
    HAL_UART_MspInit                         0x08001c19   Thumb Code   170  usart.o(i.HAL_UART_MspInit)
    HAL_UART_Receive_IT                      0x08001cd5   Thumb Code    42  stm32f4xx_hal_uart.o(i.HAL_UART_Receive_IT)
    HAL_UART_RxCpltCallback                  0x08001d01   Thumb Code    62  freertos.o(i.HAL_UART_RxCpltCallback)
    HAL_UART_TxCpltCallback                  0x08001d51   Thumb Code     2  stm32f4xx_hal_uart.o(i.HAL_UART_TxCpltCallback)
    HardFault_Handler                        0x08001d53   Thumb Code     2  stm32f4xx_it.o(i.HardFault_Handler)
    MPU6050_Init                             0x08002125   Thumb Code    64  main.o(i.MPU6050_Init)
    MPU6050_Read_Accel                       0x08002169   Thumb Code    72  main.o(i.MPU6050_Read_Accel)
    MX_FREERTOS_Init                         0x080021b5   Thumb Code   160  freertos.o(i.MX_FREERTOS_Init)
    MX_GPIO_Init                             0x08002261   Thumb Code    70  gpio.o(i.MX_GPIO_Init)
    MX_I2C1_Init                             0x080022ad   Thumb Code    50  i2c.o(i.MX_I2C1_Init)
    MX_RTC_Init                              0x080022ed   Thumb Code   126  rtc.o(i.MX_RTC_Init)
    MX_USART1_UART_Init                      0x08002375   Thumb Code    48  usart.o(i.MX_USART1_UART_Init)
    MX_USART2_UART_Init                      0x080023ad   Thumb Code    48  usart.o(i.MX_USART2_UART_Init)
    MedicineReminder_Task                    0x080023e5   Thumb Code   186  freertos.o(i.MedicineReminder_Task)
    MemManage_Handler                        0x080024f1   Thumb Code     2  stm32f4xx_it.o(i.MemManage_Handler)
    NMI_Handler                              0x080024f3   Thumb Code     2  stm32f4xx_it.o(i.NMI_Handler)
    Process_Task                             0x080024f5   Thumb Code   186  freertos.o(i.Process_Task)
    RTC_Bcd2ToByte                           0x08002671   Thumb Code    18  stm32f4xx_hal_rtc.o(i.RTC_Bcd2ToByte)
    RTC_ByteToBcd2                           0x08002683   Thumb Code    24  stm32f4xx_hal_rtc.o(i.RTC_ByteToBcd2)
    RTC_EnterInitMode                        0x0800269d   Thumb Code    72  stm32f4xx_hal_rtc.o(i.RTC_EnterInitMode)
    RTC_ExitInitMode                         0x080026e5   Thumb Code    42  stm32f4xx_hal_rtc.o(i.RTC_ExitInitMode)
    Sensor_Task                              0x08002711   Thumb Code    66  freertos.o(i.Sensor_Task)
    StartDefaultTask                         0x08002759   Thumb Code     8  freertos.o(i.StartDefaultTask)
    StartTask02                              0x08002761   Thumb Code     8  freertos.o(i.StartTask02)
    SysTick_Handler                          0x08002769   Thumb Code    38  port.o(i.SysTick_Handler)
    SystemClock_Config                       0x08002795   Thumb Code   148  main.o(i.SystemClock_Config)
    SystemInit                               0x08002831   Thumb Code    12  system_stm32f4xx.o(i.SystemInit)
    TIM1_UP_TIM10_IRQHandler                 0x08002841   Thumb Code     6  stm32f4xx_it.o(i.TIM1_UP_TIM10_IRQHandler)
    TIM_Base_SetConfig                       0x0800284d   Thumb Code   156  stm32f4xx_hal_tim.o(i.TIM_Base_SetConfig)
    UART_Start_Receive_IT                    0x08002b41   Thumb Code    58  stm32f4xx_hal_uart.o(i.UART_Start_Receive_IT)
    USART2_IRQHandler                        0x08002b7d   Thumb Code     6  stm32f4xx_it.o(i.USART2_IRQHandler)
    UsageFault_Handler                       0x08002b89   Thumb Code     2  stm32f4xx_it.o(i.UsageFault_Handler)
    __0printf$6                              0x08002b8d   Thumb Code    22  printf6.o(i.__0printf$6)
    __1printf$6                              0x08002b8d   Thumb Code     0  printf6.o(i.__0printf$6)
    __2printf                                0x08002b8d   Thumb Code     0  printf6.o(i.__0printf$6)
    __scatterload_copy                       0x08002bcd   Thumb Code    14  handlers.o(i.__scatterload_copy)
    __scatterload_null                       0x08002bdb   Thumb Code     2  handlers.o(i.__scatterload_null)
    __scatterload_zeroinit                   0x08002bdd   Thumb Code    14  handlers.o(i.__scatterload_zeroinit)
    fputc                                    0x08002f31   Thumb Code    12  usart.o(i.fputc)
    main                                     0x08002f41   Thumb Code    42  main.o(i.main)
    osDelay                                  0x08002f77   Thumb Code    14  cmsis_os.o(i.osDelay)
    osKernelStart                            0x08002f85   Thumb Code    10  cmsis_os.o(i.osKernelStart)
    osThreadCreate                           0x08002f8f   Thumb Code    84  cmsis_os.o(i.osThreadCreate)
    pvPortMalloc                             0x08003465   Thumb Code   216  heap_4.o(i.pvPortMalloc)
    pxPortInitialiseStack                    0x08003541   Thumb Code    40  port.o(i.pxPortInitialiseStack)
    uxListRemove                             0x0800356d   Thumb Code    38  list.o(i.uxListRemove)
    vApplicationGetIdleTaskMemory            0x08003595   Thumb Code    16  freertos.o(i.vApplicationGetIdleTaskMemory)
    vListInitialise                          0x080035a9   Thumb Code    22  list.o(i.vListInitialise)
    vListInitialiseItem                      0x080035bf   Thumb Code     6  list.o(i.vListInitialiseItem)
    vListInsert                              0x080035c5   Thumb Code    48  list.o(i.vListInsert)
    vListInsertEnd                           0x080035f5   Thumb Code    24  list.o(i.vListInsertEnd)
    vPortEnterCritical                       0x0800360d   Thumb Code    54  port.o(i.vPortEnterCritical)
    vPortExitCritical                        0x0800364d   Thumb Code    34  port.o(i.vPortExitCritical)
    vPortFree                                0x08003675   Thumb Code    94  heap_4.o(i.vPortFree)
    vPortSetupTimerInterrupt                 0x080036d9   Thumb Code    32  port.o(i.vPortSetupTimerInterrupt)
    vPortValidateInterruptPriority           0x080036fd   Thumb Code    74  port.o(i.vPortValidateInterruptPriority)
    vTaskDelay                               0x08003751   Thumb Code    66  tasks.o(i.vTaskDelay)
    vTaskDelayUntil                          0x0800379d   Thumb Code   132  tasks.o(i.vTaskDelayUntil)
    vTaskInternalSetTimeOutState             0x08003829   Thumb Code    12  tasks.o(i.vTaskInternalSetTimeOutState)
    vTaskMissedYield                         0x08003839   Thumb Code     8  tasks.o(i.vTaskMissedYield)
    vTaskPlaceOnEventList                    0x08003845   Thumb Code    44  tasks.o(i.vTaskPlaceOnEventList)
    vTaskStartScheduler                      0x08003875   Thumb Code    90  tasks.o(i.vTaskStartScheduler)
    vTaskSuspendAll                          0x080038e1   Thumb Code    10  tasks.o(i.vTaskSuspendAll)
    vTaskSwitchContext                       0x080038f1   Thumb Code    82  tasks.o(i.vTaskSwitchContext)
    xPortStartScheduler                      0x0800394d   Thumb Code   222  port.o(i.xPortStartScheduler)
    xQueueGenericCreate                      0x08003a41   Thumb Code    66  queue.o(i.xQueueGenericCreate)
    xQueueGenericReset                       0x08003a85   Thumb Code   132  queue.o(i.xQueueGenericReset)
    xQueueGenericSend                        0x08003b0d   Thumb Code   346  queue.o(i.xQueueGenericSend)
    xQueueGenericSendFromISR                 0x08003c6d   Thumb Code   190  queue.o(i.xQueueGenericSendFromISR)
    xQueueReceive                            0x08003d2d   Thumb Code   308  queue.o(i.xQueueReceive)
    xTaskCheckForTimeOut                     0x08003e65   Thumb Code   112  tasks.o(i.xTaskCheckForTimeOut)
    xTaskCreate                              0x08003ed9   Thumb Code    90  tasks.o(i.xTaskCreate)
    xTaskCreateStatic                        0x08003f33   Thumb Code    86  tasks.o(i.xTaskCreateStatic)
    xTaskGetSchedulerState                   0x08003f89   Thumb Code    22  tasks.o(i.xTaskGetSchedulerState)
    xTaskGetTickCount                        0x08003fa5   Thumb Code     6  tasks.o(i.xTaskGetTickCount)
    xTaskIncrementTick                       0x08003fb1   Thumb Code   194  tasks.o(i.xTaskIncrementTick)
    xTaskPriorityDisinherit                  0x0800407d   Thumb Code   144  tasks.o(i.xTaskPriorityDisinherit)
    xTaskRemoveFromEventList                 0x08004115   Thumb Code   108  tasks.o(i.xTaskRemoveFromEventList)
    xTaskResumeAll                           0x08004189   Thumb Code   182  tasks.o(i.xTaskResumeAll)
    AHBPrescTable                            0x080042e0   Data          16  system_stm32f4xx.o(.constdata)
    APBPrescTable                            0x080042f0   Data           8  system_stm32f4xx.o(.constdata)
    Region$$Table$$Base                      0x08004330   Number         0  anon$$obj.o(Region$$Table)
    Region$$Table$$Limit                     0x08004350   Number         0  anon$$obj.o(Region$$Table)
    rx_byte                                  0x20000001   Data           1  freertos.o(.data)
    xAccelQueue                              0x20000008   Data           4  freertos.o(.data)
    xUartRxQueue                             0x2000000c   Data           4  freertos.o(.data)
    UIHandle                                 0x20000010   Data           4  freertos.o(.data)
    CommHandle                               0x20000014   Data           4  freertos.o(.data)
    uwTickFreq                               0x20000018   Data           1  stm32f4xx_hal.o(.data)
    uwTickPrio                               0x2000001c   Data           4  stm32f4xx_hal.o(.data)
    uwTick                                   0x20000020   Data           4  stm32f4xx_hal.o(.data)
    SystemCoreClock                          0x20000024   Data           4  system_stm32f4xx.o(.data)
    pxCurrentTCB                             0x20000028   Data           4  tasks.o(.data)
    __stdout                                 0x20000090   Data           4  stdout.o(.data)
    hi2c1                                    0x200002e8   Data          84  i2c.o(.bss)
    hrtc                                     0x2000033c   Data          32  rtc.o(.bss)
    huart1                                   0x2000035c   Data          68  usart.o(.bss)
    huart2                                   0x200003a0   Data          68  usart.o(.bss)
    htim1                                    0x200003e4   Data          72  stm32f4xx_hal_timebase_tim.o(.bss)
    __initial_sp                             0x20004520   Data           0  startup_stm32f407xx.o(STACK)



==============================================================================

Memory Map of the image

  Image Entry point : 0x08000189

  Load Region LR_IROM1 (Base: 0x08000000, Size: 0x000043e4, Max: 0x00100000, ABSOLUTE)

    Execution Region ER_IROM1 (Exec base: 0x08000000, Load base: 0x08000000, Size: 0x00004350, Max: 0x00100000, ABSOLUTE)

    Exec Addr    Load Addr    Size         Type   Attr      Idx    E Section Name        Object

    0x08000000   0x08000000   0x00000188   Data   RO            3    RESET               startup_stm32f407xx.o
    0x08000188   0x08000188   0x00000000   Code   RO         5347  * .ARM.Collect$$$$00000000  mc_w.l(entry.o)
    0x08000188   0x08000188   0x00000004   Code   RO         5625    .ARM.Collect$$$$00000001  mc_w.l(entry2.o)
    0x0800018c   0x0800018c   0x00000004   Code   RO         5628    .ARM.Collect$$$$00000004  mc_w.l(entry5.o)
    0x08000190   0x08000190   0x00000000   Code   RO         5630    .ARM.Collect$$$$00000008  mc_w.l(entry7b.o)
    0x08000190   0x08000190   0x00000000   Code   RO         5632    .ARM.Collect$$$$0000000A  mc_w.l(entry8b.o)
    0x08000190   0x08000190   0x00000008   Code   RO         5633    .ARM.Collect$$$$0000000B  mc_w.l(entry9a.o)
    0x08000198   0x08000198   0x00000004   Code   RO         5640    .ARM.Collect$$$$0000000E  mc_w.l(entry12b.o)
    0x0800019c   0x0800019c   0x00000000   Code   RO         5635    .ARM.Collect$$$$0000000F  mc_w.l(entry10a.o)
    0x0800019c   0x0800019c   0x00000000   Code   RO         5637    .ARM.Collect$$$$00000011  mc_w.l(entry11a.o)
    0x0800019c   0x0800019c   0x00000004   Code   RO         5626    .ARM.Collect$$$$00002712  mc_w.l(entry2.o)
    0x080001a0   0x080001a0   0x000000be   Code   RO         5204    .emb_text           port.o
    0x0800025e   0x0800025e   0x00000002   PAD
    0x08000260   0x08000260   0x00000024   Code   RO            4    .text               startup_stm32f407xx.o
    0x08000284   0x08000284   0x00000062   Code   RO         5350    .text               mc_w.l(uldiv.o)
    0x080002e6   0x080002e6   0x00000024   Code   RO         5352    .text               mc_w.l(memcpya.o)
    0x0800030a   0x0800030a   0x00000024   Code   RO         5356    .text               mc_w.l(memseta.o)
    0x0800032e   0x0800032e   0x0000002c   Code   RO         5642    .text               mc_w.l(uidiv.o)
    0x0800035a   0x0800035a   0x0000001e   Code   RO         5644    .text               mc_w.l(llshl.o)
    0x08000378   0x08000378   0x00000020   Code   RO         5646    .text               mc_w.l(llushr.o)
    0x08000398   0x08000398   0x00000024   Code   RO         5659    .text               mc_w.l(init.o)
    0x080003bc   0x080003bc   0x00000002   Code   RO          497    i.BusFault_Handler  stm32f4xx_it.o
    0x080003be   0x080003be   0x00000002   Code   RO          498    i.DebugMon_Handler  stm32f4xx_it.o
    0x080003c0   0x080003c0   0x00000004   Code   RO           13    i.Error_Handler     main.o
    0x080003c4   0x080003c4   0x00000092   Code   RO         1092    i.HAL_DMA_Abort     stm32f4xx_hal_dma.o
    0x08000456   0x08000456   0x00000024   Code   RO         1093    i.HAL_DMA_Abort_IT  stm32f4xx_hal_dma.o
    0x0800047a   0x0800047a   0x00000002   PAD
    0x0800047c   0x0800047c   0x00000024   Code   RO         1511    i.HAL_Delay         stm32f4xx_hal.o
    0x080004a0   0x080004a0   0x000001f0   Code   RO          985    i.HAL_GPIO_Init     stm32f4xx_hal_gpio.o
    0x08000690   0x08000690   0x0000000c   Code   RO         1517    i.HAL_GetTick       stm32f4xx_hal.o
    0x0800069c   0x0800069c   0x00000188   Code   RO         1773    i.HAL_I2C_Init      stm32f4xx_hal_i2c.o
    0x08000824   0x08000824   0x000001f8   Code   RO         1791    i.HAL_I2C_Mem_Read  stm32f4xx_hal_i2c.o
    0x08000a1c   0x08000a1c   0x00000130   Code   RO         1794    i.HAL_I2C_Mem_Write  stm32f4xx_hal_i2c.o
    0x08000b4c   0x08000b4c   0x00000068   Code   RO          360    i.HAL_I2C_MspInit   i2c.o
    0x08000bb4   0x08000bb4   0x00000010   Code   RO         1523    i.HAL_IncTick       stm32f4xx_hal.o
    0x08000bc4   0x08000bc4   0x00000034   Code   RO         1524    i.HAL_Init          stm32f4xx_hal.o
    0x08000bf8   0x08000bf8   0x0000008c   Code   RO          591    i.HAL_InitTick      stm32f4xx_hal_timebase_tim.o
    0x08000c84   0x08000c84   0x00000038   Code   RO          567    i.HAL_MspInit       stm32f4xx_hal_msp.o
    0x08000cbc   0x08000cbc   0x0000001a   Code   RO         1374    i.HAL_NVIC_EnableIRQ  stm32f4xx_hal_cortex.o
    0x08000cd6   0x08000cd6   0x00000002   PAD
    0x08000cd8   0x08000cd8   0x00000040   Code   RO         1380    i.HAL_NVIC_SetPriority  stm32f4xx_hal_cortex.o
    0x08000d18   0x08000d18   0x00000024   Code   RO         1381    i.HAL_NVIC_SetPriorityGrouping  stm32f4xx_hal_cortex.o
    0x08000d3c   0x08000d3c   0x0000013c   Code   RO          736    i.HAL_RCCEx_PeriphCLKConfig  stm32f4xx_hal_rcc_ex.o
    0x08000e78   0x08000e78   0x00000134   Code   RO          631    i.HAL_RCC_ClockConfig  stm32f4xx_hal_rcc.o
    0x08000fac   0x08000fac   0x00000040   Code   RO          635    i.HAL_RCC_GetClockConfig  stm32f4xx_hal_rcc.o
    0x08000fec   0x08000fec   0x00000020   Code   RO          638    i.HAL_RCC_GetPCLK1Freq  stm32f4xx_hal_rcc.o
    0x0800100c   0x0800100c   0x00000020   Code   RO          639    i.HAL_RCC_GetPCLK2Freq  stm32f4xx_hal_rcc.o
    0x0800102c   0x0800102c   0x00000060   Code   RO          640    i.HAL_RCC_GetSysClockFreq  stm32f4xx_hal_rcc.o
    0x0800108c   0x0800108c   0x0000036c   Code   RO          643    i.HAL_RCC_OscConfig  stm32f4xx_hal_rcc.o
    0x080013f8   0x080013f8   0x00000044   Code   RO         2222    i.HAL_RTC_GetDate   stm32f4xx_hal_rtc.o
    0x0800143c   0x0800143c   0x00000054   Code   RO         2224    i.HAL_RTC_GetTime   stm32f4xx_hal_rtc.o
    0x08001490   0x08001490   0x0000008c   Code   RO         2225    i.HAL_RTC_Init      stm32f4xx_hal_rtc.o
    0x0800151c   0x0800151c   0x00000038   Code   RO          402    i.HAL_RTC_MspInit   rtc.o
    0x08001554   0x08001554   0x00000098   Code   RO         2231    i.HAL_RTC_SetDate   stm32f4xx_hal_rtc.o
    0x080015ec   0x080015ec   0x000000c0   Code   RO         2232    i.HAL_RTC_SetTime   stm32f4xx_hal_rtc.o
    0x080016ac   0x080016ac   0x00000036   Code   RO         2233    i.HAL_RTC_WaitForSynchro  stm32f4xx_hal_rtc.o
    0x080016e2   0x080016e2   0x00000002   Code   RO         3319    i.HAL_TIMEx_BreakCallback  stm32f4xx_hal_tim_ex.o
    0x080016e4   0x080016e4   0x00000002   Code   RO         3320    i.HAL_TIMEx_CommutCallback  stm32f4xx_hal_tim_ex.o
    0x080016e6   0x080016e6   0x0000005a   Code   RO         2615    i.HAL_TIM_Base_Init  stm32f4xx_hal_tim.o
    0x08001740   0x08001740   0x00000002   Code   RO         2617    i.HAL_TIM_Base_MspInit  stm32f4xx_hal_tim.o
    0x08001742   0x08001742   0x00000002   PAD
    0x08001744   0x08001744   0x00000080   Code   RO         2620    i.HAL_TIM_Base_Start_IT  stm32f4xx_hal_tim.o
    0x080017c4   0x080017c4   0x00000002   Code   RO         2649    i.HAL_TIM_IC_CaptureCallback  stm32f4xx_hal_tim.o
    0x080017c6   0x080017c6   0x00000166   Code   RO         2663    i.HAL_TIM_IRQHandler  stm32f4xx_hal_tim.o
    0x0800192c   0x0800192c   0x00000002   Code   RO         2666    i.HAL_TIM_OC_DelayElapsedCallback  stm32f4xx_hal_tim.o
    0x0800192e   0x0800192e   0x00000002   Code   RO         2693    i.HAL_TIM_PWM_PulseFinishedCallback  stm32f4xx_hal_tim.o
    0x08001930   0x08001930   0x00000014   Code   RO           14    i.HAL_TIM_PeriodElapsedCallback  main.o
    0x08001944   0x08001944   0x00000002   Code   RO         2706    i.HAL_TIM_TriggerCallback  stm32f4xx_hal_tim.o
    0x08001946   0x08001946   0x00000002   Code   RO         3597    i.HAL_UARTEx_RxEventCallback  stm32f4xx_hal_uart.o
    0x08001948   0x08001948   0x00000002   Code   RO         3611    i.HAL_UART_ErrorCallback  stm32f4xx_hal_uart.o
    0x0800194a   0x0800194a   0x00000002   PAD
    0x0800194c   0x0800194c   0x00000268   Code   RO         3614    i.HAL_UART_IRQHandler  stm32f4xx_hal_uart.o
    0x08001bb4   0x08001bb4   0x00000062   Code   RO         3615    i.HAL_UART_Init     stm32f4xx_hal_uart.o
    0x08001c16   0x08001c16   0x00000002   PAD
    0x08001c18   0x08001c18   0x000000bc   Code   RO          444    i.HAL_UART_MspInit  usart.o
    0x08001cd4   0x08001cd4   0x0000002a   Code   RO         3620    i.HAL_UART_Receive_IT  stm32f4xx_hal_uart.o
    0x08001cfe   0x08001cfe   0x00000002   PAD
    0x08001d00   0x08001d00   0x00000050   Code   RO          272    i.HAL_UART_RxCpltCallback  freertos.o
    0x08001d50   0x08001d50   0x00000002   Code   RO         3626    i.HAL_UART_TxCpltCallback  stm32f4xx_hal_uart.o
    0x08001d52   0x08001d52   0x00000002   Code   RO          499    i.HardFault_Handler  stm32f4xx_it.o
    0x08001d54   0x08001d54   0x0000002e   Code   RO         1815    i.I2C_IsAcknowledgeFailed  stm32f4xx_hal_i2c.o
    0x08001d82   0x08001d82   0x00000002   PAD
    0x08001d84   0x08001d84   0x000000fc   Code   RO         1825    i.I2C_RequestMemoryRead  stm32f4xx_hal_i2c.o
    0x08001e80   0x08001e80   0x000000a8   Code   RO         1826    i.I2C_RequestMemoryWrite  stm32f4xx_hal_i2c.o
    0x08001f28   0x08001f28   0x0000004c   Code   RO         1830    i.I2C_WaitOnBTFFlagUntilTimeout  stm32f4xx_hal_i2c.o
    0x08001f74   0x08001f74   0x00000068   Code   RO         1831    i.I2C_WaitOnFlagUntilTimeout  stm32f4xx_hal_i2c.o
    0x08001fdc   0x08001fdc   0x00000096   Code   RO         1832    i.I2C_WaitOnMasterAddressFlagUntilTimeout  stm32f4xx_hal_i2c.o
    0x08002072   0x08002072   0x00000066   Code   RO         1833    i.I2C_WaitOnRXNEFlagUntilTimeout  stm32f4xx_hal_i2c.o
    0x080020d8   0x080020d8   0x0000004c   Code   RO         1834    i.I2C_WaitOnTXEFlagUntilTimeout  stm32f4xx_hal_i2c.o
    0x08002124   0x08002124   0x00000044   Code   RO           15    i.MPU6050_Init      main.o
    0x08002168   0x08002168   0x0000004c   Code   RO           16    i.MPU6050_Read_Accel  main.o
    0x080021b4   0x080021b4   0x000000ac   Code   RO          273    i.MX_FREERTOS_Init  freertos.o
    0x08002260   0x08002260   0x0000004c   Code   RO          248    i.MX_GPIO_Init      gpio.o
    0x080022ac   0x080022ac   0x00000040   Code   RO          361    i.MX_I2C1_Init      i2c.o
    0x080022ec   0x080022ec   0x00000088   Code   RO          403    i.MX_RTC_Init       rtc.o
    0x08002374   0x08002374   0x00000038   Code   RO          445    i.MX_USART1_UART_Init  usart.o
    0x080023ac   0x080023ac   0x00000038   Code   RO          446    i.MX_USART2_UART_Init  usart.o
    0x080023e4   0x080023e4   0x0000010c   Code   RO          274    i.MedicineReminder_Task  freertos.o
    0x080024f0   0x080024f0   0x00000002   Code   RO          500    i.MemManage_Handler  stm32f4xx_it.o
    0x080024f2   0x080024f2   0x00000002   Code   RO          501    i.NMI_Handler       stm32f4xx_it.o
    0x080024f4   0x080024f4   0x0000017c   Code   RO          275    i.Process_Task      freertos.o
    0x08002670   0x08002670   0x00000012   Code   RO         2234    i.RTC_Bcd2ToByte    stm32f4xx_hal_rtc.o
    0x08002682   0x08002682   0x00000018   Code   RO         2235    i.RTC_ByteToBcd2    stm32f4xx_hal_rtc.o
    0x0800269a   0x0800269a   0x00000002   PAD
    0x0800269c   0x0800269c   0x00000048   Code   RO         2236    i.RTC_EnterInitMode  stm32f4xx_hal_rtc.o
    0x080026e4   0x080026e4   0x0000002a   Code   RO         2237    i.RTC_ExitInitMode  stm32f4xx_hal_rtc.o
    0x0800270e   0x0800270e   0x00000002   PAD
    0x08002710   0x08002710   0x00000048   Code   RO          276    i.Sensor_Task       freertos.o
    0x08002758   0x08002758   0x00000008   Code   RO          277    i.StartDefaultTask  freertos.o
    0x08002760   0x08002760   0x00000008   Code   RO          278    i.StartTask02       freertos.o
    0x08002768   0x08002768   0x0000002c   Code   RO         5205    i.SysTick_Handler   port.o
    0x08002794   0x08002794   0x0000009c   Code   RO           17    i.SystemClock_Config  main.o
    0x08002830   0x08002830   0x00000010   Code   RO         3944    i.SystemInit        system_stm32f4xx.o
    0x08002840   0x08002840   0x0000000c   Code   RO          502    i.TIM1_UP_TIM10_IRQHandler  stm32f4xx_it.o
    0x0800284c   0x0800284c   0x000000c8   Code   RO         2708    i.TIM_Base_SetConfig  stm32f4xx_hal_tim.o
    0x08002914   0x08002914   0x00000010   Code   RO         3628    i.UART_DMAAbortOnError  stm32f4xx_hal_uart.o
    0x08002924   0x08002924   0x0000004e   Code   RO         3638    i.UART_EndRxTransfer  stm32f4xx_hal_uart.o
    0x08002972   0x08002972   0x000000c0   Code   RO         3640    i.UART_Receive_IT   stm32f4xx_hal_uart.o
    0x08002a32   0x08002a32   0x00000002   PAD
    0x08002a34   0x08002a34   0x0000010c   Code   RO         3641    i.UART_SetConfig    stm32f4xx_hal_uart.o
    0x08002b40   0x08002b40   0x0000003a   Code   RO         3643    i.UART_Start_Receive_IT  stm32f4xx_hal_uart.o
    0x08002b7a   0x08002b7a   0x00000002   PAD
    0x08002b7c   0x08002b7c   0x0000000c   Code   RO          503    i.USART2_IRQHandler  stm32f4xx_it.o
    0x08002b88   0x08002b88   0x00000002   Code   RO          504    i.UsageFault_Handler  stm32f4xx_it.o
    0x08002b8a   0x08002b8a   0x00000002   PAD
    0x08002b8c   0x08002b8c   0x00000020   Code   RO         5519    i.__0printf$6       mc_w.l(printf6.o)
    0x08002bac   0x08002bac   0x00000020   Code   RO         1387    i.__NVIC_SetPriority  stm32f4xx_hal_cortex.o
    0x08002bcc   0x08002bcc   0x0000000e   Code   RO         5667    i.__scatterload_copy  mc_w.l(handlers.o)
    0x08002bda   0x08002bda   0x00000002   Code   RO         5668    i.__scatterload_null  mc_w.l(handlers.o)
    0x08002bdc   0x08002bdc   0x0000000e   Code   RO         5669    i.__scatterload_zeroinit  mc_w.l(handlers.o)
    0x08002bea   0x08002bea   0x00000002   PAD
    0x08002bec   0x08002bec   0x000002f0   Code   RO         5526    i._printf_core      mc_w.l(printf6.o)
    0x08002edc   0x08002edc   0x00000024   Code   RO         5527    i._printf_post_padding  mc_w.l(printf6.o)
    0x08002f00   0x08002f00   0x0000002e   Code   RO         5528    i._printf_pre_padding  mc_w.l(printf6.o)
    0x08002f2e   0x08002f2e   0x00000002   PAD
    0x08002f30   0x08002f30   0x00000010   Code   RO          447    i.fputc             usart.o
    0x08002f40   0x08002f40   0x0000002a   Code   RO           18    i.main              main.o
    0x08002f6a   0x08002f6a   0x0000000c   Code   RO         4770    i.makeFreeRtosPriority  cmsis_os.o
    0x08002f76   0x08002f76   0x0000000e   Code   RO         4772    i.osDelay           cmsis_os.o
    0x08002f84   0x08002f84   0x0000000a   Code   RO         4775    i.osKernelStart     cmsis_os.o
    0x08002f8e   0x08002f8e   0x00000054   Code   RO         4809    i.osThreadCreate    cmsis_os.o
    0x08002fe2   0x08002fe2   0x00000002   PAD
    0x08002fe4   0x08002fe4   0x00000070   Code   RO         4446    i.prvAddCurrentTaskToDelayedList  tasks.o
    0x08003054   0x08003054   0x000000d0   Code   RO         4447    i.prvAddNewTaskToReadyList  tasks.o
    0x08003124   0x08003124   0x00000026   Code   RO         4122    i.prvCopyDataFromQueue  queue.o
    0x0800314a   0x0800314a   0x0000006c   Code   RO         4123    i.prvCopyDataToQueue  queue.o
    0x080031b6   0x080031b6   0x00000034   Code   RO         4448    i.prvDeleteTCB      tasks.o
    0x080031ea   0x080031ea   0x00000002   PAD
    0x080031ec   0x080031ec   0x0000004c   Code   RO         5137    i.prvHeapInit       heap_4.o
    0x08003238   0x08003238   0x00000060   Code   RO         4449    i.prvIdleTask       tasks.o
    0x08003298   0x08003298   0x00000016   Code   RO         4125    i.prvInitialiseNewQueue  queue.o
    0x080032ae   0x080032ae   0x00000098   Code   RO         4450    i.prvInitialiseNewTask  tasks.o
    0x08003346   0x08003346   0x00000002   PAD
    0x08003348   0x08003348   0x0000004c   Code   RO         5138    i.prvInsertBlockIntoFreeList  heap_4.o
    0x08003394   0x08003394   0x0000001c   Code   RO         4126    i.prvIsQueueEmpty   queue.o
    0x080033b0   0x080033b0   0x00000020   Code   RO         4451    i.prvResetNextTaskUnblockTime  tasks.o
    0x080033d0   0x080033d0   0x00000028   Code   RO         5206    i.prvTaskExitError  port.o
    0x080033f8   0x080033f8   0x0000006a   Code   RO         4127    i.prvUnlockQueue    queue.o
    0x08003462   0x08003462   0x00000002   PAD
    0x08003464   0x08003464   0x000000dc   Code   RO         5139    i.pvPortMalloc      heap_4.o
    0x08003540   0x08003540   0x0000002c   Code   RO         5207    i.pxPortInitialiseStack  port.o
    0x0800356c   0x0800356c   0x00000026   Code   RO         4082    i.uxListRemove      list.o
    0x08003592   0x08003592   0x00000002   PAD
    0x08003594   0x08003594   0x00000014   Code   RO          279    i.vApplicationGetIdleTaskMemory  freertos.o
    0x080035a8   0x080035a8   0x00000016   Code   RO         4083    i.vListInitialise   list.o
    0x080035be   0x080035be   0x00000006   Code   RO         4084    i.vListInitialiseItem  list.o
    0x080035c4   0x080035c4   0x00000030   Code   RO         4085    i.vListInsert       list.o
    0x080035f4   0x080035f4   0x00000018   Code   RO         4086    i.vListInsertEnd    list.o
    0x0800360c   0x0800360c   0x00000040   Code   RO         5209    i.vPortEnterCritical  port.o
    0x0800364c   0x0800364c   0x00000028   Code   RO         5210    i.vPortExitCritical  port.o
    0x08003674   0x08003674   0x00000064   Code   RO         5140    i.vPortFree         heap_4.o
    0x080036d8   0x080036d8   0x00000024   Code   RO         5211    i.vPortSetupTimerInterrupt  port.o
    0x080036fc   0x080036fc   0x00000054   Code   RO         5212    i.vPortValidateInterruptPriority  port.o
    0x08003750   0x08003750   0x0000004c   Code   RO         4460    i.vTaskDelay        tasks.o
    0x0800379c   0x0800379c   0x0000008c   Code   RO         4461    i.vTaskDelayUntil   tasks.o
    0x08003828   0x08003828   0x00000010   Code   RO         4464    i.vTaskInternalSetTimeOutState  tasks.o
    0x08003838   0x08003838   0x0000000c   Code   RO         4465    i.vTaskMissedYield  tasks.o
    0x08003844   0x08003844   0x00000030   Code   RO         4467    i.vTaskPlaceOnEventList  tasks.o
    0x08003874   0x08003874   0x0000006c   Code   RO         4474    i.vTaskStartScheduler  tasks.o
    0x080038e0   0x080038e0   0x00000010   Code   RO         4476    i.vTaskSuspendAll   tasks.o
    0x080038f0   0x080038f0   0x0000005c   Code   RO         4477    i.vTaskSwitchContext  tasks.o
    0x0800394c   0x0800394c   0x000000f4   Code   RO         5213    i.xPortStartScheduler  port.o
    0x08003a40   0x08003a40   0x00000042   Code   RO         4136    i.xQueueGenericCreate  queue.o
    0x08003a82   0x08003a82   0x00000002   PAD
    0x08003a84   0x08003a84   0x00000088   Code   RO         4138    i.xQueueGenericReset  queue.o
    0x08003b0c   0x08003b0c   0x00000160   Code   RO         4139    i.xQueueGenericSend  queue.o
    0x08003c6c   0x08003c6c   0x000000be   Code   RO         4140    i.xQueueGenericSendFromISR  queue.o
    0x08003d2a   0x08003d2a   0x00000002   PAD
    0x08003d2c   0x08003d2c   0x00000138   Code   RO         4146    i.xQueueReceive     queue.o
    0x08003e64   0x08003e64   0x00000074   Code   RO         4479    i.xTaskCheckForTimeOut  tasks.o
    0x08003ed8   0x08003ed8   0x0000005a   Code   RO         4480    i.xTaskCreate       tasks.o
    0x08003f32   0x08003f32   0x00000056   Code   RO         4481    i.xTaskCreateStatic  tasks.o
    0x08003f88   0x08003f88   0x0000001c   Code   RO         4485    i.xTaskGetSchedulerState  tasks.o
    0x08003fa4   0x08003fa4   0x0000000c   Code   RO         4486    i.xTaskGetTickCount  tasks.o
    0x08003fb0   0x08003fb0   0x000000cc   Code   RO         4488    i.xTaskIncrementTick  tasks.o
    0x0800407c   0x0800407c   0x00000098   Code   RO         4491    i.xTaskPriorityDisinherit  tasks.o
    0x08004114   0x08004114   0x00000074   Code   RO         4493    i.xTaskRemoveFromEventList  tasks.o
    0x08004188   0x08004188   0x000000c4   Code   RO         4494    i.xTaskResumeAll    tasks.o
    0x0800424c   0x0800424c   0x00000094   Data   RO          281    .constdata          freertos.o
    0x080042e0   0x080042e0   0x00000010   Data   RO         3945    .constdata          system_stm32f4xx.o
    0x080042f0   0x080042f0   0x00000008   Data   RO         3946    .constdata          system_stm32f4xx.o
    0x080042f8   0x080042f8   0x00000035   Data   RO          282    .conststring        freertos.o
    0x0800432d   0x0800432d   0x00000003   PAD
    0x08004330   0x08004330   0x00000020   Data   RO         5665    Region$$Table       anon$$obj.o


    Execution Region RW_IRAM1 (Exec base: 0x20000000, Load base: 0x08004350, Size: 0x00004520, Max: 0x0001c000, ABSOLUTE)

    Exec Addr    Load Addr    Size         Type   Attr      Idx    E Section Name        Object

    0x20000000   0x08004350   0x00000018   Data   RW          283    .data               freertos.o
    0x20000018   0x08004368   0x0000000c   Data   RW         1531    .data               stm32f4xx_hal.o
    0x20000024   0x08004374   0x00000004   Data   RW         3947    .data               system_stm32f4xx.o
    0x20000028   0x08004378   0x0000003c   Data   RW         4497    .data               tasks.o
    0x20000064   0x080043b4   0x00000020   Data   RW         5146    .data               heap_4.o
    0x20000084   0x080043d4   0x0000000c   Data   RW         5214    .data               port.o
    0x20000090   0x080043e0   0x00000004   Data   RW         5641    .data               mc_w.l(stdout.o)
    0x20000094        -       0x00000254   Zero   RW          280    .bss                freertos.o
    0x200002e8        -       0x00000054   Zero   RW          362    .bss                i2c.o
    0x2000033c        -       0x00000020   Zero   RW          404    .bss                rtc.o
    0x2000035c        -       0x00000088   Zero   RW          448    .bss                usart.o
    0x200003e4        -       0x00000048   Zero   RW          594    .bss                stm32f4xx_hal_timebase_tim.o
    0x2000042c        -       0x000000f0   Zero   RW         4496    .bss                tasks.o
    0x2000051c        -       0x00003c00   Zero   RW         5145    .bss                heap_4.o
    0x2000411c   0x080043e4   0x00000004   PAD
    0x20004120        -       0x00000400   Zero   RW            1    STACK               startup_stm32f407xx.o


    Execution Region RW_IRAM2 (Exec base: 0x2001c000, Load base: 0x080043e4, Size: 0x00000000, Max: 0x00004000, ABSOLUTE)

    **** No section assigned to this execution region ****


==============================================================================

Image component sizes


      Code (inc. data)   RO Data    RW Data    ZI Data      Debug   Object Name

       120          0          0          0          0      23085   cmsis_os.o
         0          0          0          0          0      19892   event_groups.o
      1008        316        201         24        596       6843   freertos.o
        76          6          0          0          0        819   gpio.o
       472         24          0         32      15360       7243   heap_4.o
       168         26          0          0         84       1573   i2c.o
       138          0          0          0          0       3402   list.o
       366         22          0          0          0     746236   main.o
       786         82          0         12          0      11537   port.o
      1358         14          0          0          0      15034   queue.o
       192         18          0          0         32       1551   rtc.o
        36          8        392          0       1024        808   startup_stm32f407xx.o
       116         18          0         12          0       8534   stm32f4xx_hal.o
       158         14          0          0          0      33042   stm32f4xx_hal_cortex.o
       182          0          0          0          0       2019   stm32f4xx_hal_dma.o
       496         46          0          0          0       1484   stm32f4xx_hal_gpio.o
      2174         52          0          0          0      12634   stm32f4xx_hal_i2c.o
        56          4          0          0          0        814   stm32f4xx_hal_msp.o
      1408         82          0          0          0       5717   stm32f4xx_hal_rcc.o
       316         20          0          0          0       1336   stm32f4xx_hal_rcc_ex.o
       846         28          0          0          0       7863   stm32f4xx_hal_rtc.o
       786         72          0          0          0       7096   stm32f4xx_hal_tim.o
         4          0          0          0          0       1525   stm32f4xx_hal_tim_ex.o
       140         20          0          0         72       1355   stm32f4xx_hal_timebase_tim.o
      1374         16          0          0          0       8904   stm32f4xx_hal_uart.o
        36         12          0          0          0       3528   stm32f4xx_it.o
         0          0          0          0          0        416   stream_buffer.o
        16          4         24          4          0       1051   system_stm32f4xx.o
      2160        164          0         60        240      26148   tasks.o
       316         38          0          0        136       2879   usart.o

    ----------------------------------------------------------------------
     15344       1106        652        144      17548     964368   Object Totals
         0          0         32          0          0          0   (incl. Generated)
        40          0          3          0          4          0   (incl. Padding)

    ----------------------------------------------------------------------

      Code (inc. data)   RO Data    RW Data    ZI Data      Debug   Library Member Name

         0          0          0          0          0          0   entry.o
         0          0          0          0          0          0   entry10a.o
         0          0          0          0          0          0   entry11a.o
         4          0          0          0          0          0   entry12b.o
         8          4          0          0          0          0   entry2.o
         4          0          0          0          0          0   entry5.o
         0          0          0          0          0          0   entry7b.o
         0          0          0          0          0          0   entry8b.o
         8          4          0          0          0          0   entry9a.o
        30          0          0          0          0          0   handlers.o
        36          8          0          0          0         68   init.o
        30          0          0          0          0         68   llshl.o
        32          0          0          0          0         68   llushr.o
        36          0          0          0          0         68   memcpya.o
        36          0          0          0          0        108   memseta.o
       866         14          0          0          0        352   printf6.o
         0          0          0          4          0          0   stdout.o
        44          0          0          0          0         80   uidiv.o
        98          0          0          0          0         92   uldiv.o

    ----------------------------------------------------------------------
      1236         30          0          4          0        904   Library Totals
         4          0          0          0          0          0   (incl. Padding)

    ----------------------------------------------------------------------

      Code (inc. data)   RO Data    RW Data    ZI Data      Debug   Library Name

      1232         30          0          4          0        904   mc_w.l

    ----------------------------------------------------------------------
      1236         30          0          4          0        904   Library Totals

    ----------------------------------------------------------------------

==============================================================================


      Code (inc. data)   RO Data    RW Data    ZI Data      Debug   

     16580       1136        652        148      17548     950860   Grand Totals
     16580       1136        652        148      17548     950860   ELF Image Totals
     16580       1136        652        148          0          0   ROM Totals

==============================================================================

    Total RO  Size (Code + RO Data)                17232 (  16.83kB)
    Total RW  Size (RW Data + ZI Data)             17696 (  17.28kB)
    Total ROM Size (Code + RO Data + RW Data)      17380 (  16.97kB)

==============================================================================

